09-24 20:59:41.429  1645  1985 I AppsFilter: interaction: PackageSetting{b7582be com.netvpn/10605} -> PackageSetting{34a555a com.android.systemui.signalbar_d/10294} BLOCKED
09-24 20:59:41.429  1645  1985 I AppsFilter: interaction: PackageSetting{b7582be com.netvpn/10605} -> PackageSetting{a43f38b com.android.systemui.signalbar_f/10267} BLOCKED
09-24 20:59:41.430  1645  1985 I AppsFilter: interaction: PackageSetting{b7582be com.netvpn/10605} -> PackageSetting{ba53c68 com.android.systemui.signalbar_g/10229} BLOCKED
09-24 20:59:41.430  1645  1985 I AppsFilter: interaction: PackageSetting{b7582be com.netvpn/10605} -> PackageSetting{e329881 com.android.systemui.signalbar_h/10004} BLOCKED
09-24 20:59:41.431  1645  1985 I AppsFilter: interaction: PackageSetting{b7582be com.netvpn/10605} -> PackageSetting{ac86d26 com.android.systemui.signalbar_j/10101} BLOCKED
09-24 20:59:41.431  1645  1985 I AppsFilter: interaction: PackageSetting{b7582be com.netvpn/10605} -> PackageSetting{e8e461 org.lineageos.glimpse/10506} BLOCKED
09-24 20:59:41.432  1645  1985 I AppsFilter: interaction: PackageSetting{b7582be com.netvpn/10605} -> PackageSetting{cc4fb86 com.android.hotspot2.osulogin/10424} BLOCKED
09-24 20:59:41.432  1645  1985 I AppsFilter: interaction: PackageSetting{b7582be com.netvpn/10605} -> PackageSetting{26f3bbd com.android.theme.lockscreen_clock_font.alphaclouds/10013} BLOCKED
09-24 20:59:41.433  1645  1985 I AppsFilter: interaction: PackageSetting{b7582be com.netvpn/10605} -> PackageSetting{ebe35b2 com.android.internal.systemui.navbar.gestural/10252} BLOCKED
09-24 20:59:41.434  1645  1985 I AppsFilter: interaction: PackageSetting{b7582be com.netvpn/10605} -> PackageSetting{5054903 co.aospa.sense.settings.overlay/10450} BLOCKED
09-24 20:59:41.434  1645  1985 I AppsFilter: interaction: PackageSetting{b7582be com.netvpn/10605} -> PackageSetting{ad13080 com.android.theme.lockscreen_clock_font.discomidnight/10035} BLOCKED
09-24 20:59:41.435  1645  1985 I AppsFilter: interaction: PackageSetting{b7582be com.netvpn/10605} -> PackageSetting{aa2c090 videoeditor.videomaker.aieffect/10602} BLOCKED
09-24 20:59:41.435  1645  1985 I AppsFilter: interaction: PackageSetting{b7582be com.netvpn/10605} -> PackageSetting{bd5fafe com.android.theme.lockscreen_clock_font.littlebunny/10057} BLOCKED
09-24 20:59:41.435  1645  1985 I AppsFilter: interaction: PackageSetting{b7582be com.netvpn/10605} -> PackageSetting{b09725f com.android.theme.icon_pack.victor.themepicker/10211} BLOCKED
09-24 20:59:41.435  1645  1985 I AppsFilter: interaction: PackageSetting{b7582be com.netvpn/10605} -> PackageSetting{2cbe726 com.android.deskclock/10379} BLOCKED
09-24 20:59:41.435  1645  1985 I AppsFilter: interaction: PackageSetting{b7582be com.netvpn/10605} -> PackageSetting{7a72575 com.android.theme.lockscreen_clock_font.samsungone/10080} BLOCKED
09-24 20:59:41.435  1645  1985 I AppsFilter: interaction: PackageSetting{b7582be com.netvpn/10605} -> PackageSetting{6b8d8b4 com.authy.authy/10441} BLOCKED
09-24 20:59:41.435  1645  1985 I AppsFilter: interaction: PackageSetting{b7582be com.netvpn/10605} -> PackageSetting{4261c47 com.android.bluetoothmidiservice/10334} BLOCKED
09-24 20:59:41.435  1645  1985 I AppsFilter: interaction: PackageSetting{b7582be com.netvpn/10605} -> PackageSetting{9d48f98 com.android.theme.lockscreen_clock_font.ninjas/10062} BLOCKED
09-24 20:59:41.436  1645  1985 I AppsFilter: interaction: PackageSetting{b7582be com.netvpn/10605} -> PackageSetting{ad1a3f1 com.custom.overlay.systemui.gestural.hidden/10147} BLOCKED
09-24 20:59:41.436  1645  1985 I AppsFilter: interaction: PackageSetting{b7582be com.netvpn/10605} -> PackageSetting{89c6bd6 com.nikgapps.overlay.googlequicksearchbox/10254} BLOCKED
09-24 20:59:41.436  1645  1985 I AppsFilter: interaction: PackageSetting{b7582be com.netvpn/10605} -> PackageSetting{e4f0d44 com.android.theme.lockscreen_clock_font.nunito/10064} BLOCKED
09-24 20:59:41.436  1645  1985 I AppsFilter: interaction: PackageSetting{b7582be com.netvpn/10605} -> PackageSetting{44b8e2d com.android.theme.font.accuratist/10108} BLOCKED
09-24 20:59:41.436  1645  1985 I AppsFilter: interaction: PackageSetting{b7582be com.netvpn/10605} -> PackageSetting{d4b6f62 com.android.theme.lockscreen_clock_font.gautsmotelupperright/10044} BLOCKED
09-24 20:59:41.436  1645  1985 I AppsFilter: interaction: PackageSetting{b7582be com.netvpn/10605} -> PackageSetting{cda78f3 com.android.theme.lockscreen_clock_font.oswald/10068} BLOCKED
09-24 20:59:41.436  1645  1985 I AppsFilter: interaction: PackageSetting{b7582be com.netvpn/10605} -> PackageSetting{e9df305 com.adobe.lrmobile/10511} BLOCKED
09-24 20:59:41.436  1645  1985 I AppsFilter: interaction: PackageSetting{b7582be com.netvpn/10605} -> PackageSetting{1654a12 org.lineageos.backgrounds/10371} BLOCKED
09-24 20:59:41.436  1645  1985 I AppsFilter: interaction: PackageSetting{b7582be com.netvpn/10605} -> PackageSetting{190c0dc com.android.theme.lockscreen_clock_font.quando/10072} BLOCKED
09-24 20:59:41.436  1645  1985 I AppsFilter: interaction: PackageSetting{b7582be com.netvpn/10605} -> PackageSetting{b8d55e5 com.android.storagemanager.auto_generated_rro_product__/10277} BLOCKED
09-24 20:59:41.437  1645  1985 I AppsFilter: interaction: PackageSetting{b7582be com.netvpn/10605} -> PackageSetting{49c9c4e com.evozi.injector/10492} BLOCKED
09-24 20:59:41.437  1645  1985 I AppsFilter: interaction: PackageSetting{b7582be com.netvpn/10605} -> PackageSetting{dd70ec8 com.android.dialer.auto_generated_rro_vendor__/10499} BLOCKED
09-24 20:59:41.437  1645  1985 I AppsFilter: interaction: PackageSetting{b7582be com.netvpn/10605} -> PackageSetting{1c26b61 com.android.imsserviceentitlement.auto_generated_rro_product__/10228} BLOCKED
09-24 20:59:41.437  1645  1985 I AppsFilter: interaction: PackageSetting{b7582be com.netvpn/10605} -> PackageSetting{a857686 com.custom.overlay.systemui.gestural.medium/10150} BLOCKED
09-24 20:59:41.437  1645  1985 I AppsFilter: interaction: PackageSetting{b7582be com.netvpn/10605} -> PackageSetting{6947b47 com.android.phone.auto_generated_rro_product__/10497} BLOCKED
09-24 20:59:41.437  1645  1985 I AppsFilter: interaction: PackageSetting{b7582be com.netvpn/10605} -> PackageSetting{9d95c9d com.android.theme.lockscreen_clock_font.surfer/10087} BLOCKED
09-24 20:59:41.437  1645  1985 I AppsFilter: interaction: PackageSetting{b7582be com.netvpn/10605} -> PackageSetting{a327512 android.auto_generated_rro_product__/10296} BLOCKED
09-24 20:59:41.437  1645  1985 I AppsFilter: interaction: PackageSetting{b7582be com.netvpn/10605} -> PackageSetting{65eeee0 com.android.system.navbar.oneplus/10246} BLOCKED
09-24 20:59:41.437  1645  1985 I AppsFilter: interaction: PackageSetting{b7582be com.netvpn/10605} -> PackageSetting{4742599 com.android.theme.icon.samsung/10476} BLOCKED
09-24 20:59:41.437  1645  1985 I AppsFilter: interaction: PackageSetting{b7582be com.netvpn/10605} -> PackageSetting{63ed05e com.android.dialer.auto_generated_rro_product__/10448} BLOCKED
09-24 20:59:41.437  1645  1985 I AppsFilter: interaction: PackageSetting{b7582be com.netvpn/10605} -> PackageSetting{2ef8c3f com.android.theme.lockscreen_clock_font.ubuntu/10089} BLOCKED
09-24 20:59:41.438  1645  1985 I AppsFilter: interaction: PackageSetting{b7582be com.netvpn/10605} -> PackageSetting{588255 com.android.theme.icon_pack.nostalgic.settings/10467} BLOCKED
09-24 20:59:41.438  1645  1985 I AppsFilter: interaction: PackageSetting{b7582be com.netvpn/10605} -> PackageSetting{23946a com.android.theme.icon_pack.sam.themepicker/10202} BLOCKED
09-24 20:59:41.438  1645  1985 I AppsFilter: interaction: PackageSetting{b7582be com.netvpn/10605} -> PackageSetting{5de8d36 com.android.documentsui.overlay/10100} BLOCKED
09-24 20:59:41.438  1645  1985 I AppsFilter: interaction: PackageSetting{b7582be com.netvpn/10605} -> PackageSetting{5427da4 com.android.theme.icon.cloudy/10212} BLOCKED
09-24 20:59:41.438  1645  1985 I AppsFilter: interaction: PackageSetting{b7582be com.netvpn/10605} -> PackageSetting{af44d3f com.android.captiveportallogin/10333} BLOCKED
09-24 20:59:41.438  1645  1985 I AppsFilter: interaction: PackageSetting{b7582be com.netvpn/10605} -> PackageSetting{c5f6cd3 com.android.theme.font.linotte/10124} BLOCKED
09-24 20:59:41.438  1645  1985 I AppsFilter: interaction: PackageSetting{b7582be com.netvpn/10605} -> PackageSetting{5fbd010 com.android.theme.icon.roundedrect/10221} BLOCKED
09-24 20:59:41.439  1645  1985 I AppsFilter: interaction: PackageSetting{b7582be com.netvpn/10605} -> PackageSetting{d6e0d0e com.android.theme.icon_pack.aurora.android/10157} BLOCKED
09-24 20:59:41.439  1645  1985 I AppsFilter: interaction: PackageSetting{b7582be com.netvpn/10605} -> PackageSetting{6aa032f com.android.theme.font.grandhotel/10121} BLOCKED
09-24 20:59:41.439  1645  1985 I AppsFilter: interaction: PackageSetting{b7582be com.netvpn/10605} -> PackageSetting{45da34b com.android.theme.icon_pack.acherus.settings/10155} BLOCKED
09-24 20:59:41.439  1645  1985 I AppsFilter: interaction: PackageSetting{b7582be com.netvpn/10605} -> PackageSetting{aa19128 com.android.theme.lockscreen_clock_font.spacegame/10084} BLOCKED
09-24 20:59:41.439  1645  1985 I AppsFilter: interaction: PackageSetting{b7582be com.netvpn/10605} -> PackageSetting{df52e41 com.android.theme.icon.flower/10215} BLOCKED
09-24 20:59:41.439  1645  1985 I AppsFilter: interaction: PackageSetting{b7582be com.netvpn/10605} -> PackageSetting{2612927 com.android.theme.font.lato/10123} BLOCKED
09-24 20:59:41.440  1645  1985 I AppsFilter: interaction: PackageSetting{b7582be com.netvpn/10605} -> PackageSetting{91297d4 com.android.theme.font.play/10452} BLOCKED
09-24 20:59:41.441  1645  1985 I AppsFilter: interaction: PackageSetting{b7582be com.netvpn/10605} -> PackageSetting{b2d30c3 com.android.theme.icon_pack.rounded.settings/10196} BLOCKED
09-24 20:59:41.442  1645  1985 I AppsFilter: interaction: PackageSetting{b7582be com.netvpn/10605} -> PackageSetting{eb5d40 com.android.theme.lockscreen_clock_font.monbijouxclownpiece/10061} BLOCKED
09-24 20:59:41.442  1645  1985 I AppsFilter: interaction: PackageSetting{b7582be com.netvpn/10605} -> PackageSetting{939b6f8 org.lineageos.camelot/10509} BLOCKED
09-24 20:59:41.443  1645  1985 I AppsFilter: interaction: PackageSetting{b7582be com.netvpn/10605} -> PackageSetting{cfdd5be com.nikgapps.overlay.wellbeing/10297} BLOCKED
09-24 20:59:41.443  1528  1628 E statsd  : Found dropped events: 1 error -19 last atom tag 240 from uid 99031
09-24 20:59:41.443  1528  1628 W statsd  : SocketLossEvent detected: 7706834631 (firstLossTsNanos), 7706834631 (lastLossTsNanos)
09-24 20:59:41.443  1528  1628 W statsd  : For uid 99031 atom 240 was lost 1 times with error -19
09-24 20:59:41.443  1645  1985 I AppsFilter: interaction: PackageSetting{b7582be com.netvpn/10605} -> PackageSetting{119c6f0 com.google.android.inputmethod.latin/10469} BLOCKED
09-24 20:59:41.445  1645  1985 I AppsFilter: interaction: PackageSetting{b7582be com.netvpn/10605} -> PackageSetting{1ef9458 com.android.theme.lockscreen_clock_font.th3machine/10085} BLOCKED
09-24 20:59:41.446  1645  1985 I AppsFilter: interaction: PackageSetting{b7582be com.netvpn/10605} -> PackageSetting{64529b1 org.omnirom.omnistyle.auto_generated_rro_product__/10481} BLOCKED
09-24 20:59:41.446  1645  1985 I AppsFilter: interaction: PackageSetting{b7582be com.netvpn/10605} -> PackageSetting{550aa17 com.android.theme.icon_pack.circular.android/10159} BLOCKED
09-24 20:59:41.447  1645  1985 I AppsFilter: interaction: PackageSetting{b7582be com.netvpn/10605} -> PackageSetting{5d8f00d com.google.android.apps.restore/10361} BLOCKED
09-24 20:59:41.447  1645  1985 I AppsFilter: interaction: PackageSetting{b7582be com.netvpn/10605} -> PackageSetting{3304e22 com.android.theme.font.redressed/10134} BLOCKED
09-24 20:59:41.450  1645  1985 I AppsFilter: interaction: PackageSetting{b7582be com.netvpn/10605} -> PackageSetting{d592333 com.android.theme.font.sanfrancisco/10453} BLOCKED
09-24 20:59:41.450  1645  1985 I AppsFilter: interaction: PackageSetting{b7582be com.netvpn/10605} -> PackageSetting{bafc056 org.omnirom.omnijaws/10409} BLOCKED
09-24 20:59:41.450  1645  1985 I AppsFilter: interaction: PackageSetting{b7582be com.netvpn/10605} -> PackageSetting{5844cad com.android.cts.priv.ctsshim/10413} BLOCKED
09-24 20:59:41.450  1645  1985 I AppsFilter: interaction: PackageSetting{b7582be com.netvpn/10605} -> PackageSetting{ef8bf8f com.android.theme.icon.leaf/10217} BLOCKED
09-24 20:59:41.450  1645  1985 I AppsFilter: interaction: PackageSetting{b7582be com.netvpn/10605} -> PackageSetting{1e1521c com.android.theme.icon.meow/10218} BLOCKED
09-24 20:59:41.451  1645  1985 I AppsFilter: interaction: PackageSetting{b7582be com.netvpn/10605} -> PackageSetting{6566a30 com.google.android.youtube/10546} BLOCKED
09-24 20:59:41.451  1645  1985 I AppsFilter: interaction: PackageSetting{b7582be com.netvpn/10605} -> PackageSetting{84606a9 com.android.uwb.resources/10418} BLOCKED
09-24 20:59:41.451  1645  1985 I AppsFilter: interaction: PackageSetting{b7582be com.netvpn/10605} -> PackageSetting{70f07a1 com.android.internal.display.cutout.emulation.corner/10096} BLOCKED
09-24 20:59:41.451  1645  1985 I AppsFilter: interaction: PackageSetting{b7582be com.netvpn/10605} -> PackageSetting{ef37cdd com.android.theme.font.storopia/10140} BLOCKED
09-24 20:59:41.451  1645  1985 I AppsFilter: interaction: PackageSetting{b7582be com.netvpn/10605} -> PackageSetting{da5b052 com.android.internal.display.cutout.emulation.double/10095} BLOCKED
09-24 20:59:41.451  1645  1985 I AppsFilter: interaction: PackageSetting{b7582be com.netvpn/10605} -> PackageSetting{cb13f23 com.android.theme.font.sansserif/10457} BLOCKED
09-24 20:59:41.451  1645  1985 I AppsFilter: interaction: PackageSetting{b7582be com.netvpn/10605} -> PackageSetting{c6bc20 com.android.theme.icon_pack.nostalgic.themepicker/10471} BLOCKED
09-24 20:59:41.452  1645  1985 I AppsFilter: interaction: PackageSetting{b7582be com.netvpn/10605} -> PackageSetting{2b009d9 com.android.theme.lockscreen_clock_font.bunnyrabbits/10026} BLOCKED
09-24 20:59:41.452  1645  1985 I AppsFilter: interaction: PackageSetting{b7582be com.netvpn/10605} -> PackageSetting{e404763 com.rifsxd.ksunext/10366} BLOCKED
09-24 20:59:41.452  1645  1985 I AppsFilter: interaction: PackageSetting{b7582be com.netvpn/10605} -> PackageSetting{14eaa7f com.android.theme.icon_pack.outline.settings/10185} BLOCKED
09-24 20:59:41.452  1645  1985 I AppsFilter: interaction: PackageSetting{b7582be com.netvpn/10605} -> PackageSetting{20e6a95 com.android.theme.icon.pebble/10220} BLOCKED
09-24 20:59:41.452  1645  1985 I AppsFilter: interaction: PackageSetting{b7582be com.netvpn/10605} -> PackageSetting{9d0ec19 com.android.healthconnect.controller/10536} BLOCKED
09-24 20:59:41.452  1645  1985 I AppsFilter: interaction: PackageSetting{b7582be com.netvpn/10605} -> PackageSetting{5b81b11 com.android.system.navbar.android/10240} BLOCKED
09-24 20:59:41.452  1645  1985 I AppsFilter: interaction: PackageSetting{b7582be com.netvpn/10605} -> PackageSetting{8fb30d5 com.google.android.apps.googleassistant/10353} BLOCKED
09-24 20:59:41.452  1645  1985 I AppsFilter: interaction: PackageSetting{b7582be com.netvpn/10605} -> PackageSetting{d5cc6e4 com.android.theme.lockscreen_clock_font.cfonetwotrees/10027} BLOCKED
09-24 20:59:41.452 27480 27480 D ApplicationLoaders: Returning zygote-cached class loader: /system_ext/framework/androidx.window.extensions.jar
09-24 20:59:41.453  1645  1985 I AppsFilter: interaction: PackageSetting{b7582be com.netvpn/10605} -> PackageSetting{9003713 com.android.theme.icon_pack.xperia.settings/10209} BLOCKED
09-24 20:59:41.453  1645  1985 I AppsFilter: interaction: PackageSetting{b7582be com.netvpn/10605} -> PackageSetting{1916d50 com.android.theme.lockscreen_clock_font.alphawood/10018} BLOCKED
09-24 20:59:41.453  1645  1985 I AppsFilter: interaction: PackageSetting{b7582be com.netvpn/10605} -> PackageSetting{61a1b49 com.android.theme.icon_pack.gradicon.android/10169} BLOCKED
09-24 20:59:41.453  1645  1985 I AppsFilter: interaction: PackageSetting{b7582be com.netvpn/10605} -> PackageSetting{e40c4e com.android.theme.lockscreen_clock_font.standardheader/10088} BLOCKED
09-24 20:59:41.454  1645  1985 I AppsFilter: interaction: PackageSetting{b7582be com.netvpn/10605} -> PackageSetting{6280e7c com.android.theme.lockscreen_clock_font.alphaflowers/10015} BLOCKED
09-24 20:59:41.454  1645  1985 I AppsFilter: interaction: PackageSetting{b7582be com.netvpn/10605} -> PackageSetting{3602305 com.android.theme.icon.scroll/10477} BLOCKED
09-24 20:59:41.455  1645  1985 I AppsFilter: interaction: PackageSetting{b7582be com.netvpn/10605} -> PackageSetting{d259668 com.android.theme.icon.square/10222} BLOCKED
09-24 20:59:41.455  1645  1985 I AppsFilter: interaction: PackageSetting{b7582be com.netvpn/10605} -> PackageSetting{74b0551 com.google.android.onetimeinitializer/10351} BLOCKED
09-24 20:59:41.456  1645  1985 I AppsFilter: interaction: PackageSetting{b7582be com.netvpn/10605} -> PackageSetting{215feb7 com.android.health.connect.backuprestore/10537} BLOCKED
09-24 20:59:41.456  1645  1985 I AppsFilter: interaction: PackageSetting{b7582be com.netvpn/10605} -> PackageSetting{d81cf53 com.android.virtualmachine.res/10533} BLOCKED
09-24 20:59:41.457  1645  1985 I AppsFilter: interaction: PackageSetting{b7582be com.netvpn/10605} -> PackageSetting{1f1b114 com.android.theme.icon_pack.nostalgic.systemui/10470} BLOCKED
09-24 20:59:41.457  1645  1985 I AppsFilter: interaction: PackageSetting{b7582be com.netvpn/10605} -> PackageSetting{154adbd com.android.managedprovisioning.auto_generated_rro_product__/10237} BLOCKED
09-24 20:59:41.458  1645  1985 I AppsFilter: interaction: PackageSetting{b7582be com.netvpn/10605} -> PackageSetting{b2bbfb2 com.android.theme.icon.vessel/10227} BLOCKED
09-24 20:59:41.458  1645  1985 I AppsFilter: interaction: PackageSetting{b7582be com.netvpn/10605} -> PackageSetting{bb50b03 org.omnirom.omnijaws.auto_generated_rro_product__/10259} BLOCKED
09-24 20:59:41.459  1645  1985 I AppsFilter: interaction: PackageSetting{b7582be com.netvpn/10605} -> PackageSetting{7d00daf com.mercadopago.wallet/10455} BLOCKED
09-24 20:59:41.459 27435 27435 W chromium: [WARNING:android_webview/browser/network_service/net_helpers.cc:143] HTTP Cache size is: 20971520
09-24 20:59:41.460  1645  1985 I AppsFilter: interaction: PackageSetting{b7582be com.netvpn/10605} -> PackageSetting{7a368b9 com.nikgapps.overlay.sounds/10255} BLOCKED
09-24 20:59:41.460  1645  1985 I AppsFilter: interaction: PackageSetting{b7582be com.netvpn/10605} -> PackageSetting{29224fe com.android.theme.icon_pack.victor.settings/10207} BLOCKED
09-24 20:59:41.461  1645  1985 I AppsFilter: interaction: PackageSetting{b7582be com.netvpn/10605} -> PackageSetting{ca0eac com.android.theme.icon_pack.acherus.systemui/10156} BLOCKED
09-24 20:59:41.461  1645  1985 I AppsFilter: interaction: PackageSetting{b7582be com.netvpn/10605} -> PackageSetting{c1b55bc app.grapheneos.camera/10505} BLOCKED
09-24 20:59:41.462  1645  1985 I AppsFilter: interaction: PackageSetting{b7582be com.netvpn/10605} -> PackageSetting{2a2d77b com.android.theme.icon_pack.rounded.systemui/10197} BLOCKED
09-24 20:59:41.462  1645  1985 I AppsFilter: interaction: PackageSetting{b7582be com.netvpn/10605} -> PackageSetting{1c75f1 com.android.theme.icon_pack.pui.settings/10192} BLOCKED
09-24 20:59:41.463  1645  1985 I AppsFilter: interaction: PackageSetting{b7582be com.netvpn/10605} -> PackageSetting{173d5d6 com.android.theme.lockscreen_clock_font.crackman/10034} BLOCKED
09-24 20:59:41.464  1645  1985 I AppsFilter: interaction: PackageSetting{b7582be com.netvpn/10605} -> PackageSetting{2fd7057 com.android.theme.icon.taperedrect/10224} BLOCKED
09-24 20:59:41.464  1645  1985 I AppsFilter: interaction: PackageSetting{b7582be com.netvpn/10605} -> PackageSetting{871802d com.android.theme.icon_pack.oos.android/10178} BLOCKED
09-24 20:59:41.465  1645  1985 I AppsFilter: interaction: PackageSetting{b7582be com.netvpn/10605} -> PackageSetting{7febaf3 com.android.theme.lockscreen_clock_font.storopia/10086} BLOCKED
09-24 20:59:41.465 27480 27480 I LoadedApk: No resource references to update in package com.google.android.trichromelibrary
09-24 20:59:41.465  1645  1985 I AppsFilter: interaction: PackageSetting{b7582be com.netvpn/10605} -> PackageSetting{f5dd3b0 com.android.systemui.signalNothingDot/10257} BLOCKED
09-24 20:59:41.466 27480 27480 I cr_WebViewApkApp: version=141.0.7390.27 (739002743) minSdkVersion=29 processName=com.google.android.webview:sandboxed_process0:org.chromium.content.app.SandboxedProcessService0:0 splits=<none>
09-24 20:59:41.466  1645  1985 I AppsFilter: interaction: PackageSetting{b7582be com.netvpn/10605} -> PackageSetting{80fc9ae com.android.theme.font.nokiapure/10125} BLOCKED
09-24 20:59:41.468  1645  1985 I AppsFilter: interaction: PackageSetting{b7582be com.netvpn/10605} -> PackageSetting{a94956b com.android.theme.icon_pack.oos.settings/10179} BLOCKED
09-24 20:59:41.468  1645  1985 I AppsFilter: interaction: PackageSetting{b7582be com.netvpn/10605} -> PackageSetting{ced3343 com.android.htmlviewer/10335} BLOCKED
09-24 20:59:41.469  1645  1985 I AppsFilter: interaction: PackageSetting{b7582be com.netvpn/10605} -> PackageSetting{37f8be2 com.whatsapp/10449} BLOCKED
09-24 20:59:41.469  1645  1985 I AppsFilter: interaction: PackageSetting{b7582be com.netvpn/10605} -> PackageSetting{50b6086 com.android.theme.lockscreen_clock_font.znikomitno24/10090} BLOCKED
09-24 20:59:41.471  1645  1985 I AppsFilter: interaction: PackageSetting{b7582be com.netvpn/10605} -> PackageSetting{45fce9d com.android.theme.lockscreen_clock_font.plantsletters/10071} BLOCKED
09-24 20:59:41.471  1645  1985 I AppsFilter: interaction: PackageSetting{b7582be com.netvpn/10605} -> PackageSetting{39ea054 nu.gpu.nagram/10474} BLOCKED
09-24 20:59:41.472  1645  1985 I AppsFilter: interaction: PackageSetting{b7582be com.netvpn/10605} -> PackageSetting{acc46e3 com.android.theme.lockscreen_clock_font.roundheads/10079} BLOCKED
09-24 20:59:41.473 27480 27480 I cr_ChildProcessService: Creating new ChildProcessService pid=27480
09-24 20:59:41.473  1645  1985 I AppsFilter: interaction: PackageSetting{b7582be com.netvpn/10605} -> PackageSetting{d2588e0 com.custom.overlay.systemui.wifiFaintUI/10106} BLOCKED
09-24 20:59:41.473  1645  1985 I AppsFilter: interaction: PackageSetting{b7582be com.netvpn/10605} -> PackageSetting{5efb799 android.overlay.moto.common/10309} BLOCKED
09-24 20:59:41.474  1645  1985 I AppsFilter: interaction: PackageSetting{b7582be com.netvpn/10605} -> PackageSetting{a57fa5e com.android.theme.font.comfortaa/10114} BLOCKED
09-24 20:59:41.475  1645  1985 I AppsFilter: interaction: PackageSetting{b7582be com.netvpn/10605} -> PackageSetting{8726e3f lineageos.platform.auto_generated_rro_vendor__/10306} BLOCKED
09-24 20:59:41.475  1645  1985 I AppsFilter: interaction: PackageSetting{b7582be com.netvpn/10605} -> PackageSetting{c25c09f com.coderstory.toolkit/10465} BLOCKED
09-24 20:59:41.476  1645  1985 I AppsFilter: interaction: PackageSetting{b7582be com.netvpn/10605} -> PackageSetting{da55e6a org.lineageos.lineageparts.auto_generated_rro_product__/10234} BLOCKED
09-24 20:59:41.477  1645  1985 I AppsFilter: interaction: PackageSetting{b7582be com.netvpn/10605} -> PackageSetting{cb99b73 com.android.messaging/10384} BLOCKED
09-24 20:59:41.477  1645  1985 I AppsFilter: interaction: PackageSetting{b7582be com.netvpn/10605} -> PackageSetting{a8f93f8 com.android.theme.icon_pack.outline.systemui/10186} BLOCKED
09-24 20:59:41.478  1645  1985 I AppsFilter: interaction: PackageSetting{b7582be com.netvpn/10605} -> PackageSetting{54e973c com.android.systemui.auto_generated_rro_product__/10282} BLOCKED
09-24 20:59:41.478  1645  1985 I AppsFilter: interaction: PackageSetting{b7582be com.netvpn/10605} -> PackageSetting{40a361a com.android.theme.font.comicsans/10115} BLOCKED
09-24 20:59:41.479  1645  1985 I AppsFilter: interaction: PackageSetting{b7582be com.netvpn/10605} -> PackageSetting{ec8b316 com.google.android.soundpicker/10376} BLOCKED
09-24 20:59:41.480  1645  1985 I AppsFilter: interaction: PackageSetting{b7582be com.netvpn/10605} -> PackageSetting{ca98041 com.android.theme.icon_pack.rounded.android/10193} BLOCKED
09-24 20:59:41.480  1645  1985 I AppsFilter: interaction: PackageSetting{b7582be com.netvpn/10605} -> PackageSetting{7aacb27 io.chaldeaprjkt.gamespace.auto_generated_rro_product__/10146} BLOCKED
09-24 20:59:41.481  1645  1985 I AppsFilter: interaction: PackageSetting{b7582be com.netvpn/10605} -> PackageSetting{370469 com.discord/10426} BLOCKED
09-24 20:59:41.484  1645  1985 I AppsFilter: interaction: PackageSetting{b7582be com.netvpn/10605} -> PackageSetting{1887bcf me.zhanghai.android.files/10645} BLOCKED
09-24 20:59:41.485  1645  1985 I AppsFilter: interaction: PackageSetting{b7582be com.netvpn/10605} -> PackageSetting{2016e72 com.android.theme.font.amarante/10110} BLOCKED
09-24 20:59:41.486  1645  1985 I AppsFilter: interaction: PackageSetting{b7582be com.netvpn/10605} -> PackageSetting{86ef2c3 com.android.theme.icon_pack.xperia.systemui/10208} BLOCKED
09-24 20:59:41.486  1645  1985 I AppsFilter: interaction: PackageSetting{b7582be com.netvpn/10605} -> PackageSetting{b06f740 com.android.theme.font.aclonica/10109} BLOCKED
09-24 20:59:41.487  1645  1985 I AppsFilter: interaction: PackageSetting{b7582be com.netvpn/10605} -> PackageSetting{31d8135 com.nikgapps.overlay.ais/10120} BLOCKED
09-24 20:59:41.488  1645  1985 I AppsFilter: interaction: PackageSetting{b7582be com.netvpn/10605} -> PackageSetting{4ec59ca org.lineageos.lineagesettings.auto_generated_rro_product__/10235} BLOCKED
09-24 20:59:41.489  1645  1985 I AppsFilter: interaction: PackageSetting{b7582be com.netvpn/10605} -> PackageSetting{ca46e58 com.android.theme.lockscreen_clock_font.scrapitup/10082} BLOCKED
09-24 20:59:41.489  1645  1985 I AppsFilter: interaction: PackageSetting{b7582be com.netvpn/10605} -> PackageSetting{bb1fbb1 com.android.theme.lockscreen_clock_font.oneplussans/10066} BLOCKED
09-24 20:59:41.490  1645  1985 I AppsFilter: interaction: PackageSetting{b7582be com.netvpn/10605} -> PackageSetting{15e4896 com.android.theme.lockscreen_clock_font.accuratist/10010} BLOCKED
09-24 20:59:41.491  1645  1985 I AppsFilter: interaction: PackageSetting{b7582be com.netvpn/10605} -> PackageSetting{946cc17 com.custom.overlay.systemui.signalFaintUI/10105} BLOCKED
09-24 20:59:41.491  1645  1985 I AppsFilter: interaction: PackageSetting{b7582be com.netvpn/10605} -> PackageSetting{61e1804 com.android.theme.font.nothingdotheadline/10127} BLOCKED
09-24 20:59:41.492  1645  1985 I AppsFilter: interaction: PackageSetting{b7582be com.netvpn/10605} -> PackageSetting{6faa342 xyz.easypro.httpcustom/10643} BLOCKED
09-24 20:59:41.492  1645  1985 I AppsFilter: interaction: PackageSetting{b7582be com.netvpn/10605} -> PackageSetting{b2e5822 com.android.theme.icon_pack.victor.systemui/10206} BLOCKED
09-24 20:59:41.493  1645  1985 I AppsFilter: interaction: PackageSetting{b7582be com.netvpn/10605} -> PackageSetting{1b6fe9 com.android.system.qs.reflected/10489} BLOCKED
09-24 20:59:41.494  1645  1985 I AppsFilter: interaction: PackageSetting{b7582be com.netvpn/10605} -> PackageSetting{6bda5ec com.wastickerapps.stickerstore/10442} BLOCKED
09-24 20:59:41.495  1645  5163 D ConnectivityService: requestNetwork for uid/pid:10605/27435 activeRequest: null callbackRequest: 1068 [NetworkRequest [ REQUEST id=1069, [ Capabilities: INTERNET&NOT_RESTRICTED&TRUSTED&NOT_VCN_MANAGED&NOT_BANDWIDTH_CONSTRAINED Uid: 10605 RequestorUid: 10605 RequestorPkg: com.netvpn UnderlyingNetworks: Null] ]] callback flags: 0 order: 2147483647 isUidTracked: false
09-24 20:59:41.496  1645  1985 I AppsFilter: interaction: PackageSetting{b7582be com.netvpn/10605} -> PackageSetting{23221a5 com.android.theme.icon_pack.pui.systemui/10190} BLOCKED
09-24 20:59:41.496  1645  1985 I AppsFilter: interaction: PackageSetting{b7582be com.netvpn/10605} -> PackageSetting{36c97a com.custom.overlay.systemui.wifiForlorn/10144} BLOCKED
09-24 20:59:41.497  1645  1985 I AppsFilter: interaction: PackageSetting{b7582be com.netvpn/10605} -> PackageSetting{713252b com.android.theme.lockscreen_clock_font.easterbunny/10039} BLOCKED
09-24 20:59:41.497  1645  1985 I AppsFilter: interaction: PackageSetting{b7582be com.netvpn/10605} -> PackageSetting{baeeb11 com.sec.android.daemonapp/10598} BLOCKED
09-24 20:59:41.498  1645  1985 I AppsFilter: interaction: PackageSetting{b7582be com.netvpn/10605} -> PackageSetting{cd80346 com.android.theme.lockscreen_clock_font.cookierun/10031} BLOCKED
09-24 20:59:41.498  2620  2620 D PhoneSwitcherNetworkRequstListener: got request NetworkRequest [ REQUEST id=1069, [ Capabilities: INTERNET&NOT_RESTRICTED&TRUSTED&NOT_VCN_MANAGED&NOT_BANDWIDTH_CONSTRAINED Uid: 10605 RequestorUid: 10605 RequestorPkg: com.netvpn UnderlyingNetworks: Null] ]
09-24 20:59:41.498  1645  2087 W libprocessgroup: SetCgroup::ExecuteForProcess: failed to open /dev/stune/top-app/cgroup.procs: No such file or directory
09-24 20:59:41.498  1645  1985 I AppsFilter: interaction: PackageSetting{b7582be com.netvpn/10605} -> PackageSetting{71ce907 com.android.theme.lockscreen_clock_font.acfilmstrip/10009} BLOCKED
09-24 20:59:41.499  1645  1985 I AppsFilter: interaction: PackageSetting{b7582be com.netvpn/10605} -> PackageSetting{ac4ba77 com.google.ar.core/10432} BLOCKED
09-24 20:59:41.499  1645  1985 I AppsFilter: interaction: PackageSetting{b7582be com.netvpn/10605} -> PackageSetting{59dd6e4 com.android.safetycenter.resources/10420} BLOCKED
09-24 20:59:41.501  1645  2259 D UntrustedWifiNetworkFactory: got request NetworkRequest [ REQUEST id=1069, [ Capabilities: INTERNET&NOT_RESTRICTED&TRUSTED&NOT_VCN_MANAGED&NOT_BANDWIDTH_CONSTRAINED Uid: 10605 RequestorUid: 10605 RequestorPkg: com.netvpn UnderlyingNetworks: Null] ]
09-24 20:59:41.502 18896 18896 E adservices: Measurement API is disabled
09-24 20:59:41.502 18896 18896 E adservices: Measurement API is disabled
09-24 20:59:41.502  1645  2259 D OemPaidWifiNetworkFactory: got request NetworkRequest [ REQUEST id=1069, [ Capabilities: INTERNET&NOT_RESTRICTED&TRUSTED&NOT_VCN_MANAGED&NOT_BANDWIDTH_CONSTRAINED Uid: 10605 RequestorUid: 10605 RequestorPkg: com.netvpn UnderlyingNetworks: Null] ]
09-24 20:59:41.503  1645  2259 D MultiInternetWifiNetworkFactory: got request NetworkRequest [ REQUEST id=1069, [ Capabilities: INTERNET&NOT_RESTRICTED&TRUSTED&NOT_VCN_MANAGED&NOT_BANDWIDTH_CONSTRAINED Uid: 10605 RequestorUid: 10605 RequestorPkg: com.netvpn UnderlyingNetworks: Null] ]
09-24 20:59:41.503  1645  2267 D ConnectivityService: NetReassign [1069 : null  101] [c 0] [a 1] [i 6]
09-24 20:59:41.503 27435 27447 E adservices: onNullBinding android.adservices.MEASUREMENT_SERVICE
09-24 20:59:41.504  1645  1985 I AppsFilter: interaction: PackageSetting{b7582be com.netvpn/10605} -> PackageSetting{4d37d50 com.android.simappdialog/10339} BLOCKED
09-24 20:59:41.505  1645  1985 I AppsFilter: interaction: PackageSetting{b7582be com.netvpn/10605} -> PackageSetting{d3e351e com.android.theme.lockscreen_clock_font.lmsclifford/10054} BLOCKED
09-24 20:59:41.505  1645  2087 W libprocessgroup: SetCgroup::ExecuteForProcess: failed to open /dev/stune/background/cgroup.procs: No such file or directory
09-24 20:59:41.506  1645  1985 I AppsFilter: interaction: PackageSetting{b7582be com.netvpn/10605} -> PackageSetting{adff1ff com.android.theme.lockscreen_clock_font.budmojiggler/10022} BLOCKED
09-24 20:59:41.507  1645  1985 I AppsFilter: interaction: PackageSetting{b7582be com.netvpn/10605} -> PackageSetting{2a7be15 org.protonaosp.deviceconfig.auto_generated_rro_product__/10273} BLOCKED
09-24 20:59:41.507  1645  2267 D ConnectivityService: NetReassign [no changes] [c 0] [a 1] [i 2]
09-24 20:59:41.507  1645  1985 I AppsFilter: interaction: PackageSetting{b7582be com.netvpn/10605} -> PackageSetting{694852a com.android.theme.lockscreen_clock_font.coolstory/10036} BLOCKED
09-24 20:59:41.508  1645  1985 I AppsFilter: interaction: PackageSetting{b7582be com.netvpn/10605} -> PackageSetting{64baf1b com.android.theme.font.harmonysans/10122} BLOCKED
09-24 20:59:41.509  1645  1985 I AppsFilter: interaction: PackageSetting{b7582be com.netvpn/10605} -> PackageSetting{775f8b8 com.android.theme.icon_pack.oos.systemui/10181} BLOCKED
09-24 20:59:41.509 27435 27511 E adservices: Failed to bind to measurement service: com.android.adservices.shared.common.exception.ServiceUnavailableException: Service is not available.
09-24 20:59:41.509  1645  1985 I AppsFilter: interaction: PackageSetting{b7582be com.netvpn/10605} -> PackageSetting{496c114 org.omnirom.omnistyle/10515} BLOCKED
09-24 20:59:41.511  1645  1985 I AppsFilter: interaction: PackageSetting{b7582be com.netvpn/10605} -> PackageSetting{6729acd android.overlay.corfur/10307} BLOCKED
09-24 20:59:41.511  1645  1985 I AppsFilter: interaction: PackageSetting{b7582be com.netvpn/10605} -> PackageSetting{2295b03 com.android.connectivity.resources/10415} BLOCKED
09-24 20:59:41.512  1645  1985 I AppsFilter: interaction: PackageSetting{b7582be com.netvpn/10605} -> PackageSetting{9b6e693 com.android.theme.lockscreen_clock_font.amarante/10017} BLOCKED
09-24 20:59:41.512  1645  1985 I AppsFilter: interaction: PackageSetting{b7582be com.netvpn/10605} -> PackageSetting{5d326d0 com.android.theme.lockscreen_clock_font.grandhotel/10046} BLOCKED
09-24 20:59:41.512  1645  1985 I AppsFilter: interaction: PackageSetting{b7582be com.netvpn/10605} -> PackageSetting{59b16c9 com.android.internal.display.cutout.emulation.hole/10098} BLOCKED
09-24 20:59:41.512  1645  1985 I AppsFilter: interaction: PackageSetting{b7582be com.netvpn/10605} -> PackageSetting{c7021ce com.android.internal.display.cutout.emulation.tall/10097} BLOCKED
09-24 20:59:41.512  1645  1985 I AppsFilter: interaction: PackageSetting{b7582be com.netvpn/10605} -> PackageSetting{95f58ef com.android.systemui.wifiGradicon/10151} BLOCKED
09-24 20:59:41.512  1645  1985 I AppsFilter: interaction: PackageSetting{b7582be com.netvpn/10605} -> PackageSetting{28bdffc com.custom.overlay.systemui.gestural.long/10148} BLOCKED
09-24 20:59:41.515  1645  1985 I AppsFilter: interaction: PackageSetting{b7582be com.netvpn/10605} -> PackageSetting{cb55685 com.android.theme.lockscreen_clock_font.aclonica/10012} BLOCKED
09-24 20:59:41.515  1645  1985 I AppsFilter: interaction: PackageSetting{b7582be com.netvpn/10605} -> PackageSetting{9708cda com.android.networkstack.overlay/10260} BLOCKED
09-24 20:59:41.515  1645  1985 I AppsFilter: interaction: PackageSetting{b7582be com.netvpn/10605} -> PackageSetting{a72950b org.lineageos.glimpse.frameworksbaseoverlay/10462} BLOCKED
09-24 20:59:41.516  1645  1985 I AppsFilter: interaction: PackageSetting{b7582be com.netvpn/10605} -> PackageSetting{9daa775 com.android.modulemetadata/10377} BLOCKED
09-24 20:59:41.517  1645  1985 I AppsFilter: interaction: PackageSetting{b7582be com.netvpn/10605} -> PackageSetting{83376e7 com.android.theme.icon_pack.nostalgic.launcher/10464} BLOCKED
09-24 20:59:41.518  1645  1985 I AppsFilter: interaction: PackageSetting{b7582be com.netvpn/10605} -> PackageSetting{9ce3294 com.android.theme.icon_pack.lorn.android/10176} BLOCKED
09-24 20:59:41.518  1645  1985 I AppsFilter: interaction: PackageSetting{b7582be com.netvpn/10605} -> PackageSetting{2acd13d com.android.internal.systemui.navbar.threebutton/10251} BLOCKED
09-24 20:59:41.518  1645  1985 I AppsFilter: interaction: PackageSetting{b7582be com.netvpn/10605} -> PackageSetting{5b77998 com.google.android.apps.work.oobconfig/10301} BLOCKED
09-24 20:59:41.519  1645  1985 I AppsFilter: interaction: PackageSetting{b7582be com.netvpn/10605} -> PackageSetting{9bb45f1 com.android.wifi.dialog/10425} BLOCKED
09-24 20:59:41.519  1645  1985 I AppsFilter: interaction: PackageSetting{b7582be com.netvpn/10605} -> PackageSetting{f86e4c1 org.lsposed.manager/10600} BLOCKED
09-24 20:59:41.520  1645  1985 I AppsFilter: interaction: PackageSetting{b7582be com.netvpn/10605} -> PackageSetting{914eaa2 com.instaprime.android/10580} BLOCKED
09-24 20:59:41.520  1645  1985 I AppsFilter: interaction: PackageSetting{b7582be com.netvpn/10605} -> PackageSetting{ebe5bdf com.nikgapps.overlay.gmscore/10253} BLOCKED
09-24 20:59:41.521  1645  1985 I AppsFilter: interaction: PackageSetting{b7582be com.netvpn/10605} -> PackageSetting{e40c057 ru.mike.updatelocker/10532} BLOCKED
09-24 20:59:41.522  1645  1985 I AppsFilter: interaction: PackageSetting{b7582be com.netvpn/10605} -> PackageSetting{ea32f67 com.android.contacts/10357} BLOCKED
09-24 20:59:41.522  1645  1985 I AppsFilter: interaction: PackageSetting{b7582be com.netvpn/10605} -> PackageSetting{9d6d6fb com.android.theme.lockscreen_clock_font.betsyflanagan/10020} BLOCKED
09-24 20:59:41.523  1645  1985 I AppsFilter: interaction: PackageSetting{b7582be com.netvpn/10605} -> PackageSetting{b234171 com.custom.overlay.systemui.signalForlorn/10143} BLOCKED
09-24 20:59:41.524  1645  1985 I AppsFilter: interaction: PackageSetting{b7582be com.netvpn/10605} -> PackageSetting{52d502d org.lineageos.recorder/10370} BLOCKED
09-24 20:59:41.524  1645  1985 I AppsFilter: interaction: PackageSetting{b7582be com.netvpn/10605} -> PackageSetting{631e7d7 com.android.theme.icon_pack.acherus.launcher/10154} BLOCKED
09-24 20:59:41.525  1645  1985 I AppsFilter: interaction: PackageSetting{b7582be com.netvpn/10605} -> PackageSetting{f2d68c4 com.android.theme.lockscreen_clock_font.lato/10055} BLOCKED
09-24 20:59:41.525  1645  1985 I AppsFilter: interaction: PackageSetting{b7582be com.netvpn/10605} -> PackageSetting{7d983ad com.android.theme.lockscreen_clock_font.play/10438} BLOCKED
09-24 20:59:41.526  1645  1985 I AppsFilter: interaction: PackageSetting{b7582be com.netvpn/10605} -> PackageSetting{2c32a73 com.android.theme.icon_pack.rounded.launcher/10195} BLOCKED
09-24 20:59:41.527  1645  1985 I AppsFilter: interaction: PackageSetting{b7582be com.netvpn/10605} -> PackageSetting{37b1e7c com.android.MGC_9_4_103/10392} BLOCKED
09-24 20:59:41.527  1645  1985 I AppsFilter: interaction: PackageSetting{b7582be com.netvpn/10605} -> PackageSetting{37ada9 com.android.systemui.signalbar_aa/10001} BLOCKED
09-24 20:59:41.527  1645  1985 I AppsFilter: interaction: PackageSetting{b7582be com.netvpn/10605} -> PackageSetting{8549f2e com.android.systemui.signalbar_ab/10006} BLOCKED
09-24 20:59:41.528  1645  1985 I AppsFilter: interaction: PackageSetting{b7582be com.netvpn/10605} -> PackageSetting{1bfacf com.android.systemui.signalbar_ac/10092} BLOCKED
09-24 20:59:41.528  1645  1985 I AppsFilter: interaction: PackageSetting{b7582be com.netvpn/10605} -> PackageSetting{d6f0c5c com.android.systemui.signalbar_ad/10094} BLOCKED
09-24 20:59:41.529  1645  1985 I AppsFilter: interaction: PackageSetting{b7582be com.netvpn/10605} -> PackageSetting{9347b65 com.android.systemui.signalbar_ae/10093} BLOCKED
09-24 20:59:41.530  1645  1985 I AppsFilter: interaction: PackageSetting{b7582be com.netvpn/10605} -> PackageSetting{e0f803a com.android.systemui.signalbar_af/10104} BLOCKED
09-24 20:59:41.530  1645  1985 I AppsFilter: interaction: PackageSetting{b7582be com.netvpn/10605} -> PackageSetting{c8774eb com.android.systemui.signalbar_ag/10107} BLOCKED
09-24 20:59:41.531  1645  1985 I AppsFilter: interaction: PackageSetting{b7582be com.netvpn/10605} -> PackageSetting{40e9248 com.android.systemui.signalbar_ah/10152} BLOCKED
09-24 20:59:41.531  1645  1985 I AppsFilter: interaction: PackageSetting{b7582be com.netvpn/10605} -> PackageSetting{67668e1 com.android.systemui.signalbar_ai/10269} BLOCKED
09-24 20:59:41.532  1645  1985 I AppsFilter: interaction: PackageSetting{b7582be com.netvpn/10605} -> PackageSetting{3656606 com.android.systemui.signalbar_aj/10268} BLOCKED
09-24 20:59:41.532  1645  1985 I AppsFilter: interaction: PackageSetting{b7582be com.netvpn/10605} -> PackageSetting{5e674c7 com.android.systemui.signalbar_ak/10270} BLOCKED
09-24 20:59:41.532  1645  1985 I AppsFilter: interaction: PackageSetting{b7582be com.netvpn/10605} -> PackageSetting{39e8af4 com.android.systemui.signalbar_al/10276} BLOCKED
09-24 20:59:41.532  1645  1985 I AppsFilter: interaction: PackageSetting{b7582be com.netvpn/10605} -> PackageSetting{5e1dc92 com.android.systemui.signalbar_am/10285} BLOCKED
09-24 20:59:41.532  1645  1985 I AppsFilter: interaction: PackageSetting{b7582be com.netvpn/10605} -> PackageSetting{d4b9663 com.android.systemui.signalbar_an/10290} BLOCKED
09-24 20:59:41.532  1645  1985 I AppsFilter: interaction: PackageSetting{b7582be com.netvpn/10605} -> PackageSetting{4936260 com.android.systemui.signalbar_ao/10291} BLOCKED
09-24 20:59:41.532  1645  1985 I AppsFilter: interaction: PackageSetting{b7582be com.netvpn/10605} -> PackageSetting{fa5319 com.android.systemui.signalbar_ap/10256} BLOCKED
09-24 20:59:41.532  1645  1985 I AppsFilter: interaction: PackageSetting{b7582be com.netvpn/10605} -> PackageSetting{e3d2fde com.android.systemui.signalbar_aq/10011} BLOCKED
09-24 20:59:41.532  1645  1985 I AppsFilter: interaction: PackageSetting{b7582be com.netvpn/10605} -> PackageSetting{85735bf com.android.systemui.signalbar_ar/10232} BLOCKED
09-24 20:59:41.533  1645  1985 I AppsFilter: interaction: PackageSetting{b7582be com.netvpn/10605} -> PackageSetting{3c448c com.android.systemui.signalbar_as/10238} BLOCKED
09-24 20:59:41.533  1645  1985 I AppsFilter: interaction: PackageSetting{b7582be com.netvpn/10605} -> PackageSetting{6d407d5 com.android.systemui.signalbar_at/10262} BLOCKED
09-24 20:59:41.533  1645  1985 I AppsFilter: interaction: PackageSetting{b7582be com.netvpn/10605} -> PackageSetting{6686bea com.android.systemui.signalbar_au/10266} BLOCKED
09-24 20:59:41.533  1645  1985 I AppsFilter: interaction: PackageSetting{b7582be com.netvpn/10605} -> PackageSetting{c536edb co.aospa.sense.auto_generated_rro_product__/10451} BLOCKED
09-24 20:59:41.533  5831  5850 W HidlServiceManagement: Waited one second for vendor.qti.hardware.qccsyshal@1.0::IQccsyshal/qccsyshal
09-24 20:59:41.534  1645  1985 I AppsFilter: interaction: PackageSetting{b7582be com.netvpn/10605} -> PackageSetting{3af1d78 com.android.theme.lockscreen_clock_font.editpointsfilled/10038} BLOCKED
09-24 20:59:41.534   718   718 I hwservicemanager: Since vendor.qti.hardware.qccsyshal@1.0::IQccsyshal/qccsyshal is not registered, trying to start it as a lazy HAL (if it's not configured to be a lazy HAL, it may be stuck starting or still starting).
09-24 20:59:41.534  1645  1985 I AppsFilter: interaction: PackageSetting{b7582be com.netvpn/10605} -> PackageSetting{f5a4c51 com.android.frameworks.core.batterystatsviewer.auto_generated_rro_product__/10431} BLOCKED
09-24 20:59:41.534  5831  5850 I HidlServiceManagement: getService: Trying again for vendor.qti.hardware.qccsyshal@1.0::IQccsyshal/qccsyshal...
09-24 20:59:41.535  1645  1985 I AppsFilter: interaction: PackageSetting{b7582be com.netvpn/10605} -> PackageSetting{4595cb6 com.android.theme.icon_pack.kai.settings/10173} BLOCKED
09-24 20:59:41.535  1645  1985 I AppsFilter: interaction: PackageSetting{b7582be com.netvpn/10605} -> PackageSetting{f101db7 com.android.theme.font.sonysketch/10139} BLOCKED
09-24 20:59:41.536   718 27514 W libc    : Unable to set property "ctl.interface_start" to "vendor.qti.hardware.qccsyshal@1.0::IQccsyshal/qccsyshal": PROP_ERROR_HANDLE_CONTROL_MESSAGE (0x20)
09-24 20:59:41.536   718 27514 I hwservicemanager: Tried to start vendor.qti.hardware.qccsyshal@1.0::IQccsyshal/qccsyshal as a lazy service, but was unable to. Usually this happens when a service is not installed, but if the service is intended to be used as a lazy service, then it may be configured incorrectly.
09-24 20:59:41.536  1645  1985 I AppsFilter: interaction: PackageSetting{b7582be com.netvpn/10605} -> PackageSetting{5749924 com.android.theme.icon_pack.acherus.android/10153} BLOCKED
09-24 20:59:41.539  1645  1985 I AppsFilter: interaction: PackageSetting{b7582be com.netvpn/10605} -> PackageSetting{5968e42 com.android.theme.font.cocon/10113} BLOCKED
09-24 20:59:41.540  1645  1985 I AppsFilter: interaction: PackageSetting{b7582be com.netvpn/10605} -> PackageSetting{9f42390 com.android.theme.font.rubik/10137} BLOCKED
09-24 20:59:41.542  1645  1985 I AppsFilter: interaction: PackageSetting{b7582be com.netvpn/10605} -> PackageSetting{f5e15ab com.deepseek.chat/10582} BLOCKED
09-24 20:59:41.542  1645  1985 I AppsFilter: interaction: PackageSetting{b7582be com.netvpn/10605} -> PackageSetting{80f0caf com.android.settings.auto_generated_rro_vendor__/10311} BLOCKED
09-24 20:59:41.543  1645  1985 I AppsFilter: interaction: PackageSetting{b7582be com.netvpn/10605} -> PackageSetting{4c9c4cb com.android.theme.lockscreen_clock_font.plaidevent/10070} BLOCKED
09-24 20:59:41.544  1645  1985 I AppsFilter: interaction: PackageSetting{b7582be com.netvpn/10605} -> PackageSetting{3e0d4a8 com.android.system.qs.neumorph/10487} BLOCKED
09-24 20:59:41.544  1645  1985 I AppsFilter: interaction: PackageSetting{b7582be com.netvpn/10605} -> PackageSetting{975ebc1 com.android.systemui.signalGradicon/10149} BLOCKED
09-24 20:59:41.545  1645  1985 I AppsFilter: interaction: PackageSetting{b7582be com.netvpn/10605} -> PackageSetting{d505f66 com.custom.overlay.systemui.signalAurora/10005} BLOCKED
09-24 20:59:41.546  1645  1985 I AppsFilter: interaction: PackageSetting{b7582be com.netvpn/10605} -> PackageSetting{bb482fd com.android.theme.font.cagliostro/10112} BLOCKED
09-24 20:59:41.547  1645  1985 I AppsFilter: interaction: PackageSetting{b7582be com.netvpn/10605} -> PackageSetting{5cc0243 com.android.internal.systemui.navbar.twobutton/10250} BLOCKED
09-24 20:59:41.547  1645  1985 I AppsFilter: interaction: PackageSetting{b7582be com.netvpn/10605} -> PackageSetting{35f90c0 com.nikgapps.overlay.googletts/10261} BLOCKED
09-24 20:59:41.548  1645  1985 I AppsFilter: interaction: PackageSetting{b7582be com.netvpn/10605} -> PackageSetting{24b51f9 com.android.systemui.wifibar_a/10279} BLOCKED
09-24 20:59:41.548  1645  1985 I AppsFilter: interaction: PackageSetting{b7582be com.netvpn/10605} -> PackageSetting{ca1f53e com.android.systemui.wifibar_b/10275} BLOCKED
09-24 20:59:41.549  2620  2620 W FeatureConnection: getRegistrationTech: ImsRegistration is null
09-24 20:59:41.549  1645  1985 I AppsFilter: interaction: PackageSetting{b7582be com.netvpn/10605} -> PackageSetting{5a27f9f com.android.systemui.wifibar_c/10293} BLOCKED
09-24 20:59:41.549  1645  1985 I AppsFilter: interaction: PackageSetting{b7582be com.netvpn/10605} -> PackageSetting{d0cf8ec com.android.systemui.wifibar_d/10295} BLOCKED
09-24 20:59:41.550  1645  1985 I AppsFilter: interaction: PackageSetting{b7582be com.netvpn/10605} -> PackageSetting{944274a com.android.systemui.wifibar_e/10287} BLOCKED
09-24 20:59:41.550 27435 27435 I CipherService: Encryption-Mode: AES/GCM/NoPadding
09-24 20:59:41.551  1645  1985 I AppsFilter: interaction: PackageSetting{b7582be com.netvpn/10605} -> PackageSetting{33976bb com.android.systemui.wifibar_f/10265} BLOCKED
09-24 20:59:41.551  1645  1985 I AppsFilter: interaction: PackageSetting{b7582be com.netvpn/10605} -> PackageSetting{146b7d8 com.android.systemui.wifibar_g/10230} BLOCKED
09-24 20:59:41.552  1645  1985 I AppsFilter: interaction: PackageSetting{b7582be com.netvpn/10605} -> PackageSetting{304731 com.android.systemui.wifibar_h/10002} BLOCKED
09-24 20:59:41.552  1645  1985 I AppsFilter: interaction: PackageSetting{b7582be com.netvpn/10605} -> PackageSetting{b256e16 com.android.systemui.wifibar_i/10288} BLOCKED
09-24 20:59:41.553  1645  1985 I AppsFilter: interaction: PackageSetting{b7582be com.netvpn/10605} -> PackageSetting{17ec397 com.android.systemui.wifibar_j/10103} BLOCKED
09-24 20:59:41.553  1645  1985 I AppsFilter: interaction: PackageSetting{b7582be com.netvpn/10605} -> PackageSetting{5b7984 com.android.theme.lockscreen_clock_font.ampad3d2/10016} BLOCKED
09-24 20:59:41.554  1645  1985 I AppsFilter: interaction: PackageSetting{b7582be com.netvpn/10605} -> PackageSetting{a620233 com.android.theme.icon.roundedhexagon/10219} BLOCKED
09-24 20:59:41.555  1645  1985 I AppsFilter: interaction: PackageSetting{b7582be com.netvpn/10605} -> PackageSetting{ed8a9f0 com.android.theme.icon_pack.xperia.android/10210} BLOCKED
09-24 20:59:41.555  1645  1985 I AppsFilter: interaction: PackageSetting{b7582be com.netvpn/10605} -> PackageSetting{393b18e com.google.android.as/10352} BLOCKED
09-24 20:59:41.556  1645  1985 I AppsFilter: interaction: PackageSetting{b7582be com.netvpn/10605} -> PackageSetting{ad429ee com.android.theme.icon_pack.outline.launcher/10184} BLOCKED
09-24 20:59:41.557  1645  1985 I AppsFilter: interaction: PackageSetting{b7582be com.netvpn/10605} -> PackageSetting{ab6751c com.android.theme.font.oneplusslate/10131} BLOCKED
09-24 20:59:41.557  1645  1985 I AppsFilter: interaction: PackageSetting{b7582be com.netvpn/10605} -> PackageSetting{7069525 com.android.theme.icon_pack.sam.settings/10201} BLOCKED
09-24 20:59:41.558  1645  1985 I AppsFilter: interaction: PackageSetting{b7582be com.netvpn/10605} -> PackageSetting{c6fa3f8 com.android.settings.intelligence/10364} BLOCKED
09-24 20:59:41.559  1645  1985 I AppsFilter: interaction: PackageSetting{b7582be com.netvpn/10605} -> PackageSetting{743c708 com.android.theme.lockscreen_clock_font.oneplusslate/10067} BLOCKED
09-24 20:59:41.559  1645  1985 I AppsFilter: interaction: PackageSetting{b7582be com.netvpn/10605} -> PackageSetting{98660f2 dev.epro.ssc/10634} BLOCKED
09-24 20:59:41.560  1645  1985 I AppsFilter: interaction: PackageSetting{b7582be com.netvpn/10605} -> PackageSetting{f01c087 com.android.system.navbar.asus/10241} BLOCKED
09-24 20:59:41.560  1645  1985 I AppsFilter: interaction: PackageSetting{b7582be com.netvpn/10605} -> PackageSetting{bd24bb4 com.android.system.navbar.dora/10242} BLOCKED
09-24 20:59:41.560  1645  1985 I AppsFilter: interaction: PackageSetting{b7582be com.netvpn/10605} -> PackageSetting{cd343dd com.android.system.navbar.moto/10243} BLOCKED
