09-24 20:59:41.274  1645  1985 I AppsFilter: interaction: PackageSetting{b7582be com.netvpn/10605} -> PackageSetting{9ce3294 com.android.theme.icon_pack.lorn.android/10176} BLOCKED
09-24 20:59:41.274  1645  1985 I AppsFilter: interaction: PackageSetting{b7582be com.netvpn/10605} -> PackageSetting{2acd13d com.android.internal.systemui.navbar.threebutton/10251} BLOCKED
09-24 20:59:41.275  1645  1985 I AppsFilter: interaction: PackageSetting{b7582be com.netvpn/10605} -> PackageSetting{5b77998 com.google.android.apps.work.oobconfig/10301} BLOCKED
09-24 20:59:41.275  1645  1985 I AppsFilter: interaction: PackageSetting{b7582be com.netvpn/10605} -> PackageSetting{9bb45f1 com.android.wifi.dialog/10425} BLOCKED
09-24 20:59:41.275  1645  1985 I AppsFilter: interaction: PackageSetting{b7582be com.netvpn/10605} -> PackageSetting{f86e4c1 org.lsposed.manager/10600} BLOCKED
09-24 20:59:41.275  1645  1985 I AppsFilter: interaction: PackageSetting{b7582be com.netvpn/10605} -> PackageSetting{914eaa2 com.instaprime.android/10580} BLOCKED
09-24 20:59:41.275  1645  1985 I AppsFilter: interaction: PackageSetting{b7582be com.netvpn/10605} -> PackageSetting{ebe5bdf com.nikgapps.overlay.gmscore/10253} BLOCKED
09-24 20:59:41.275  1645  1985 I AppsFilter: interaction: PackageSetting{b7582be com.netvpn/10605} -> PackageSetting{e40c057 ru.mike.updatelocker/10532} BLOCKED
09-24 20:59:41.275  1645  1985 I AppsFilter: interaction: PackageSetting{b7582be com.netvpn/10605} -> PackageSetting{ea32f67 com.android.contacts/10357} BLOCKED
09-24 20:59:41.275  1645  1985 I AppsFilter: interaction: PackageSetting{b7582be com.netvpn/10605} -> PackageSetting{9d6d6fb com.android.theme.lockscreen_clock_font.betsyflanagan/10020} BLOCKED
09-24 20:59:41.276  1645  1985 I AppsFilter: interaction: PackageSetting{b7582be com.netvpn/10605} -> PackageSetting{b234171 com.custom.overlay.systemui.signalForlorn/10143} BLOCKED
09-24 20:59:41.276  1645  1985 I AppsFilter: interaction: PackageSetting{b7582be com.netvpn/10605} -> PackageSetting{52d502d org.lineageos.recorder/10370} BLOCKED
09-24 20:59:41.276  1645  1985 I AppsFilter: interaction: PackageSetting{b7582be com.netvpn/10605} -> PackageSetting{631e7d7 com.android.theme.icon_pack.acherus.launcher/10154} BLOCKED
09-24 20:59:41.276  1645  1985 I AppsFilter: interaction: PackageSetting{b7582be com.netvpn/10605} -> PackageSetting{f2d68c4 com.android.theme.lockscreen_clock_font.lato/10055} BLOCKED
09-24 20:59:41.276  1645  1985 I AppsFilter: interaction: PackageSetting{b7582be com.netvpn/10605} -> PackageSetting{7d983ad com.android.theme.lockscreen_clock_font.play/10438} BLOCKED
09-24 20:59:41.276  1645  1985 I AppsFilter: interaction: PackageSetting{b7582be com.netvpn/10605} -> PackageSetting{2c32a73 com.android.theme.icon_pack.rounded.launcher/10195} BLOCKED
09-24 20:59:41.276  1645  1985 I AppsFilter: interaction: PackageSetting{b7582be com.netvpn/10605} -> PackageSetting{37b1e7c com.android.MGC_9_4_103/10392} BLOCKED
09-24 20:59:41.277  1645  1985 I AppsFilter: interaction: PackageSetting{b7582be com.netvpn/10605} -> PackageSetting{37ada9 com.android.systemui.signalbar_aa/10001} BLOCKED
09-24 20:59:41.277  1645  1985 I AppsFilter: interaction: PackageSetting{b7582be com.netvpn/10605} -> PackageSetting{8549f2e com.android.systemui.signalbar_ab/10006} BLOCKED
09-24 20:59:41.277  1645  1985 I AppsFilter: interaction: PackageSetting{b7582be com.netvpn/10605} -> PackageSetting{1bfacf com.android.systemui.signalbar_ac/10092} BLOCKED
09-24 20:59:41.277  1645  1985 I AppsFilter: interaction: PackageSetting{b7582be com.netvpn/10605} -> PackageSetting{d6f0c5c com.android.systemui.signalbar_ad/10094} BLOCKED
09-24 20:59:41.277  1645  1985 I AppsFilter: interaction: PackageSetting{b7582be com.netvpn/10605} -> PackageSetting{9347b65 com.android.systemui.signalbar_ae/10093} BLOCKED
09-24 20:59:41.277  1645  1985 I AppsFilter: interaction: PackageSetting{b7582be com.netvpn/10605} -> PackageSetting{e0f803a com.android.systemui.signalbar_af/10104} BLOCKED
09-24 20:59:41.277  1645  1985 I AppsFilter: interaction: PackageSetting{b7582be com.netvpn/10605} -> PackageSetting{c8774eb com.android.systemui.signalbar_ag/10107} BLOCKED
09-24 20:59:41.277  1645  1985 I AppsFilter: interaction: PackageSetting{b7582be com.netvpn/10605} -> PackageSetting{40e9248 com.android.systemui.signalbar_ah/10152} BLOCKED
09-24 20:59:41.277  1645  1985 I AppsFilter: interaction: PackageSetting{b7582be com.netvpn/10605} -> PackageSetting{67668e1 com.android.systemui.signalbar_ai/10269} BLOCKED
09-24 20:59:41.278  1645  1985 I AppsFilter: interaction: PackageSetting{b7582be com.netvpn/10605} -> PackageSetting{3656606 com.android.systemui.signalbar_aj/10268} BLOCKED
09-24 20:59:41.278  1645  1985 I AppsFilter: interaction: PackageSetting{b7582be com.netvpn/10605} -> PackageSetting{5e674c7 com.android.systemui.signalbar_ak/10270} BLOCKED
09-24 20:59:41.278  1645  1985 I AppsFilter: interaction: PackageSetting{b7582be com.netvpn/10605} -> PackageSetting{39e8af4 com.android.systemui.signalbar_al/10276} BLOCKED
09-24 20:59:41.278  1645  1985 I AppsFilter: interaction: PackageSetting{b7582be com.netvpn/10605} -> PackageSetting{5e1dc92 com.android.systemui.signalbar_am/10285} BLOCKED
09-24 20:59:41.278  1645  1985 I AppsFilter: interaction: PackageSetting{b7582be com.netvpn/10605} -> PackageSetting{d4b9663 com.android.systemui.signalbar_an/10290} BLOCKED
09-24 20:59:41.278  1645  1985 I AppsFilter: interaction: PackageSetting{b7582be com.netvpn/10605} -> PackageSetting{4936260 com.android.systemui.signalbar_ao/10291} BLOCKED
09-24 20:59:41.278  1645  1985 I AppsFilter: interaction: PackageSetting{b7582be com.netvpn/10605} -> PackageSetting{fa5319 com.android.systemui.signalbar_ap/10256} BLOCKED
09-24 20:59:41.278  1645  1985 I AppsFilter: interaction: PackageSetting{b7582be com.netvpn/10605} -> PackageSetting{e3d2fde com.android.systemui.signalbar_aq/10011} BLOCKED
09-24 20:59:41.278  1645  1985 I AppsFilter: interaction: PackageSetting{b7582be com.netvpn/10605} -> PackageSetting{85735bf com.android.systemui.signalbar_ar/10232} BLOCKED
09-24 20:59:41.278  1645  1985 I AppsFilter: interaction: PackageSetting{b7582be com.netvpn/10605} -> PackageSetting{3c448c com.android.systemui.signalbar_as/10238} BLOCKED
09-24 20:59:41.279  1645  1985 I AppsFilter: interaction: PackageSetting{b7582be com.netvpn/10605} -> PackageSetting{6d407d5 com.android.systemui.signalbar_at/10262} BLOCKED
09-24 20:59:41.279  1645  1985 I AppsFilter: interaction: PackageSetting{b7582be com.netvpn/10605} -> PackageSetting{6686bea com.android.systemui.signalbar_au/10266} BLOCKED
09-24 20:59:41.279  1645  1985 I AppsFilter: interaction: PackageSetting{b7582be com.netvpn/10605} -> PackageSetting{c536edb co.aospa.sense.auto_generated_rro_product__/10451} BLOCKED
09-24 20:59:41.279  1645  1985 I AppsFilter: interaction: PackageSetting{b7582be com.netvpn/10605} -> PackageSetting{3af1d78 com.android.theme.lockscreen_clock_font.editpointsfilled/10038} BLOCKED
09-24 20:59:41.279  1645  1985 I AppsFilter: interaction: PackageSetting{b7582be com.netvpn/10605} -> PackageSetting{f5a4c51 com.android.frameworks.core.batterystatsviewer.auto_generated_rro_product__/10431} BLOCKED
09-24 20:59:41.279  1645  1985 I AppsFilter: interaction: PackageSetting{b7582be com.netvpn/10605} -> PackageSetting{4595cb6 com.android.theme.icon_pack.kai.settings/10173} BLOCKED
09-24 20:59:41.279  1645  1985 I AppsFilter: interaction: PackageSetting{b7582be com.netvpn/10605} -> PackageSetting{f101db7 com.android.theme.font.sonysketch/10139} BLOCKED
09-24 20:59:41.279  1645  1985 I AppsFilter: interaction: PackageSetting{b7582be com.netvpn/10605} -> PackageSetting{5749924 com.android.theme.icon_pack.acherus.android/10153} BLOCKED
09-24 20:59:41.280  1645  1985 I AppsFilter: interaction: PackageSetting{b7582be com.netvpn/10605} -> PackageSetting{5968e42 com.android.theme.font.cocon/10113} BLOCKED
09-24 20:59:41.280  1645  1985 I AppsFilter: interaction: PackageSetting{b7582be com.netvpn/10605} -> PackageSetting{9f42390 com.android.theme.font.rubik/10137} BLOCKED
09-24 20:59:41.281  1645  1985 I AppsFilter: interaction: PackageSetting{b7582be com.netvpn/10605} -> PackageSetting{f5e15ab com.deepseek.chat/10582} BLOCKED
09-24 20:59:41.281  1645  1985 I AppsFilter: interaction: PackageSetting{b7582be com.netvpn/10605} -> PackageSetting{80f0caf com.android.settings.auto_generated_rro_vendor__/10311} BLOCKED
09-24 20:59:41.281  1645  1985 I AppsFilter: interaction: PackageSetting{b7582be com.netvpn/10605} -> PackageSetting{4c9c4cb com.android.theme.lockscreen_clock_font.plaidevent/10070} BLOCKED
09-24 20:59:41.281  1645  1985 I AppsFilter: interaction: PackageSetting{b7582be com.netvpn/10605} -> PackageSetting{3e0d4a8 com.android.system.qs.neumorph/10487} BLOCKED
09-24 20:59:41.281  1645  1985 I AppsFilter: interaction: PackageSetting{b7582be com.netvpn/10605} -> PackageSetting{975ebc1 com.android.systemui.signalGradicon/10149} BLOCKED
09-24 20:59:41.281  1645  1985 I AppsFilter: interaction: PackageSetting{b7582be com.netvpn/10605} -> PackageSetting{d505f66 com.custom.overlay.systemui.signalAurora/10005} BLOCKED
09-24 20:59:41.281  1645  1985 I AppsFilter: interaction: PackageSetting{b7582be com.netvpn/10605} -> PackageSetting{bb482fd com.android.theme.font.cagliostro/10112} BLOCKED
09-24 20:59:41.282  1645  1985 I AppsFilter: interaction: PackageSetting{b7582be com.netvpn/10605} -> PackageSetting{5cc0243 com.android.internal.systemui.navbar.twobutton/10250} BLOCKED
09-24 20:59:41.282  1645  1985 I AppsFilter: interaction: PackageSetting{b7582be com.netvpn/10605} -> PackageSetting{35f90c0 com.nikgapps.overlay.googletts/10261} BLOCKED
09-24 20:59:41.282  1645  1985 I AppsFilter: interaction: PackageSetting{b7582be com.netvpn/10605} -> PackageSetting{24b51f9 com.android.systemui.wifibar_a/10279} BLOCKED
09-24 20:59:41.282  1645  1985 I AppsFilter: interaction: PackageSetting{b7582be com.netvpn/10605} -> PackageSetting{ca1f53e com.android.systemui.wifibar_b/10275} BLOCKED
09-24 20:59:41.282  1645  1985 I AppsFilter: interaction: PackageSetting{b7582be com.netvpn/10605} -> PackageSetting{5a27f9f com.android.systemui.wifibar_c/10293} BLOCKED
09-24 20:59:41.282  1645  1985 I AppsFilter: interaction: PackageSetting{b7582be com.netvpn/10605} -> PackageSetting{d0cf8ec com.android.systemui.wifibar_d/10295} BLOCKED
09-24 20:59:41.282  1645  1985 I AppsFilter: interaction: PackageSetting{b7582be com.netvpn/10605} -> PackageSetting{944274a com.android.systemui.wifibar_e/10287} BLOCKED
09-24 20:59:41.282  1645  1985 I AppsFilter: interaction: PackageSetting{b7582be com.netvpn/10605} -> PackageSetting{33976bb com.android.systemui.wifibar_f/10265} BLOCKED
09-24 20:59:41.283  1645  1985 I AppsFilter: interaction: PackageSetting{b7582be com.netvpn/10605} -> PackageSetting{146b7d8 com.android.systemui.wifibar_g/10230} BLOCKED
09-24 20:59:41.283  1645  1985 I AppsFilter: interaction: PackageSetting{b7582be com.netvpn/10605} -> PackageSetting{304731 com.android.systemui.wifibar_h/10002} BLOCKED
09-24 20:59:41.283  1645  1985 I AppsFilter: interaction: PackageSetting{b7582be com.netvpn/10605} -> PackageSetting{b256e16 com.android.systemui.wifibar_i/10288} BLOCKED
09-24 20:59:41.283  1645  1985 I AppsFilter: interaction: PackageSetting{b7582be com.netvpn/10605} -> PackageSetting{17ec397 com.android.systemui.wifibar_j/10103} BLOCKED
09-24 20:59:41.283  1645  1985 I AppsFilter: interaction: PackageSetting{b7582be com.netvpn/10605} -> PackageSetting{5b7984 com.android.theme.lockscreen_clock_font.ampad3d2/10016} BLOCKED
09-24 20:59:41.283  1645  1985 I AppsFilter: interaction: PackageSetting{b7582be com.netvpn/10605} -> PackageSetting{a620233 com.android.theme.icon.roundedhexagon/10219} BLOCKED
09-24 20:59:41.283  1645  1985 I AppsFilter: interaction: PackageSetting{b7582be com.netvpn/10605} -> PackageSetting{ed8a9f0 com.android.theme.icon_pack.xperia.android/10210} BLOCKED
09-24 20:59:41.283  1645  1985 I AppsFilter: interaction: PackageSetting{b7582be com.netvpn/10605} -> PackageSetting{393b18e com.google.android.as/10352} BLOCKED
09-24 20:59:41.284  1645  1985 I AppsFilter: interaction: PackageSetting{b7582be com.netvpn/10605} -> PackageSetting{ad429ee com.android.theme.icon_pack.outline.launcher/10184} BLOCKED
09-24 20:59:41.284  1645  1985 I AppsFilter: interaction: PackageSetting{b7582be com.netvpn/10605} -> PackageSetting{ab6751c com.android.theme.font.oneplusslate/10131} BLOCKED
09-24 20:59:41.284  1645  1985 I AppsFilter: interaction: PackageSetting{b7582be com.netvpn/10605} -> PackageSetting{7069525 com.android.theme.icon_pack.sam.settings/10201} BLOCKED
09-24 20:59:41.284  1645  1985 I AppsFilter: interaction: PackageSetting{b7582be com.netvpn/10605} -> PackageSetting{c6fa3f8 com.android.settings.intelligence/10364} BLOCKED
09-24 20:59:41.284  1645  1985 I AppsFilter: interaction: PackageSetting{b7582be com.netvpn/10605} -> PackageSetting{743c708 com.android.theme.lockscreen_clock_font.oneplusslate/10067} BLOCKED
09-24 20:59:41.285  1645  1985 I AppsFilter: interaction: PackageSetting{b7582be com.netvpn/10605} -> PackageSetting{98660f2 dev.epro.ssc/10634} BLOCKED
09-24 20:59:41.285  1645  1985 I AppsFilter: interaction: PackageSetting{b7582be com.netvpn/10605} -> PackageSetting{f01c087 com.android.system.navbar.asus/10241} BLOCKED
09-24 20:59:41.285  1645  1985 I AppsFilter: interaction: PackageSetting{b7582be com.netvpn/10605} -> PackageSetting{bd24bb4 com.android.system.navbar.dora/10242} BLOCKED
09-24 20:59:41.285  1645  1985 I AppsFilter: interaction: PackageSetting{b7582be com.netvpn/10605} -> PackageSetting{cd343dd com.android.system.navbar.moto/10243} BLOCKED
09-24 20:59:41.285  1645  1985 I AppsFilter: interaction: PackageSetting{b7582be com.netvpn/10605} -> PackageSetting{92fde23 com.android.theme.icon_pack.kai.themepicker/10175} BLOCKED
09-24 20:59:41.285  1645  1985 I AppsFilter: interaction: PackageSetting{b7582be com.netvpn/10605} -> PackageSetting{c4540d9 com.android.theme.font.fifa2018/10119} BLOCKED
09-24 20:59:41.285  1645  1985 I AppsFilter: interaction: PackageSetting{b7582be com.netvpn/10605} -> PackageSetting{414ea9e com.android.theme.icon.heart/10216} BLOCKED
09-24 20:59:41.286  1645  1985 I AppsFilter: interaction: PackageSetting{b7582be com.netvpn/10605} -> PackageSetting{98397f com.android.theme.font.nothingdot/10126} BLOCKED
09-24 20:59:41.286  1645  1985 I AppsFilter: interaction: PackageSetting{b7582be com.netvpn/10605} -> PackageSetting{d0d2bfa com.esmoviecine.movie_es/10642} BLOCKED
09-24 20:59:41.286  1645  1985 I AppsFilter: interaction: PackageSetting{b7582be com.netvpn/10605} -> PackageSetting{5401195 org.lineageos.setupwizard.auto_generated_rro_product__/10236} BLOCKED
09-24 20:59:41.286  1645  1985 I AppsFilter: interaction: PackageSetting{b7582be com.netvpn/10605} -> PackageSetting{ee9b com.nikgapps.overlay.settingsintelligence/10048} BLOCKED
09-24 20:59:41.286  1645  1985 I AppsFilter: interaction: PackageSetting{b7582be com.netvpn/10605} -> PackageSetting{7dd3211 com.android.theme.icon_pack.victor.launcher/10205} BLOCKED
09-24 20:59:41.286  1645  1985 I AppsFilter: interaction: PackageSetting{b7582be com.netvpn/10605} -> PackageSetting{c8ee0c2 com.android.printspooler/10341} BLOCKED
09-24 20:59:41.286  1645  1985 I AppsFilter: interaction: PackageSetting{b7582be com.netvpn/10605} -> PackageSetting{97a09e4 com.android.providers.settings.overlay.corfur/10312} BLOCKED
09-24 20:59:41.287  1645  1985 I AppsFilter: interaction: PackageSetting{b7582be com.netvpn/10605} -> PackageSetting{251de4d com.android.emergency.auto_generated_rro_product__/10102} BLOCKED
09-24 20:59:41.287  1645  1985 I AppsFilter: interaction: PackageSetting{b7582be com.netvpn/10605} -> PackageSetting{b254d02 com.android.theme.icon_pack.filled.settings/10166} BLOCKED
09-24 20:59:41.287  1645  1985 I AppsFilter: interaction: PackageSetting{b7582be com.netvpn/10605} -> PackageSetting{c6efa10 com.android.dreams.basic/10340} BLOCKED
09-24 20:59:41.287  1645  1985 I AppsFilter: interaction: PackageSetting{b7582be com.netvpn/10605} -> PackageSetting{6eb1249 com.android.theme.icon_pack.pui.launcher/10188} BLOCKED
09-24 20:59:41.287  1645  1985 I AppsFilter: interaction: PackageSetting{b7582be com.netvpn/10605} -> PackageSetting{f1f374e com.android.providers.settings.auto_generated_rro_product__/10271} BLOCKED
09-24 20:59:41.287  1645  1985 I AppsFilter: interaction: PackageSetting{b7582be com.netvpn/10605} -> PackageSetting{3d18909 com.google.android.as.oss/10304} BLOCKED
09-24 20:59:41.287  1645  1985 I AppsFilter: interaction: PackageSetting{b7582be com.netvpn/10605} -> PackageSetting{a4ab17c com.android.theme.icon_pack.kai.systemui/10174} BLOCKED
09-24 20:59:41.288  1645  1985 I AppsFilter: interaction: PackageSetting{b7582be com.netvpn/10605} -> PackageSetting{5c98a05 com.android.theme.font.reemkufi/10132} BLOCKED
09-24 20:59:41.288  1645  1985 I AppsFilter: interaction: PackageSetting{b7582be com.netvpn/10605} -> PackageSetting{3bb7a5a com.android.theme.lockscreen_clock_font.kgonlyhope/10051} BLOCKED
09-24 20:59:41.288  1645  1985 I AppsFilter: interaction: PackageSetting{b7582be com.netvpn/10605} -> PackageSetting{1b6b48b com.custom.overlay.systemui.signalPlumpy/10263} BLOCKED
09-24 20:59:41.288  1645  1985 I AppsFilter: interaction: PackageSetting{b7582be com.netvpn/10605} -> PackageSetting{aeeb52f com.android.rkpdapp/10539} BLOCKED
09-24 20:59:41.288  1645  1985 I AppsFilter: interaction: PackageSetting{b7582be com.netvpn/10605} -> PackageSetting{ca3f4bd com.android.theme.icon_pack.oos.launcher/10180} BLOCKED
09-24 20:59:41.289  1645  1985 I AppsFilter: interaction: PackageSetting{b7582be com.netvpn/10605} -> PackageSetting{a99fe75 com.android.theme.icon.stretched/10226} BLOCKED
09-24 20:59:41.289  1645  1985 I AppsFilter: interaction: PackageSetting{b7582be com.netvpn/10605} -> PackageSetting{2972e0a com.android.theme.icon_pack.oos.themepicker/10182} BLOCKED
09-24 20:59:41.289  1645  1985 I AppsFilter: interaction: PackageSetting{b7582be com.netvpn/10605} -> PackageSetting{c990cf1 com.android.theme.icon_pack.circular.settings/10161} BLOCKED
09-24 20:59:41.289  1645  1985 I AppsFilter: interaction: PackageSetting{b7582be com.netvpn/10605} -> PackageSetting{28220d6 com.android.theme.icon_pack.outline.android/10183} BLOCKED
09-24 20:59:41.289  1645  1985 I AppsFilter: interaction: PackageSetting{b7582be com.netvpn/10605} -> PackageSetting{df34cdd com.adobe.scan.android/10501} BLOCKED
09-24 20:59:41.289  1645  1985 I AppsFilter: interaction: PackageSetting{b7582be com.netvpn/10605} -> PackageSetting{6684a44 com.android.theme.lockscreen_clock_font.brandayolq/10023} BLOCKED
09-24 20:59:41.290  1645  1985 I AppsFilter: interaction: PackageSetting{b7582be com.netvpn/10605} -> PackageSetting{4cd1c4a com.twitter.android/10430} BLOCKED
09-24 20:59:41.290  1645  1985 I AppsFilter: interaction: PackageSetting{b7582be com.netvpn/10605} -> PackageSetting{8577462 com.android.theme.lockscreen_clock_font.fifa2018/10045} BLOCKED
09-24 20:59:41.290  1645  1985 I AppsFilter: interaction: PackageSetting{b7582be com.netvpn/10605} -> PackageSetting{cfb0eee com.google.android.apps.bard/10444} BLOCKED
09-24 20:59:41.290  1645  1985 I AppsFilter: interaction: PackageSetting{b7582be com.netvpn/10605} -> PackageSetting{6c08713 com.google.android.apps.maps/10583} BLOCKED
09-24 20:59:41.290  1645  1985 I AppsFilter: interaction: PackageSetting{b7582be com.netvpn/10605} -> PackageSetting{d3c74ae com.android.theme.font.bariol/10111} BLOCKED
09-24 20:59:41.290  1645  1985 I AppsFilter: interaction: PackageSetting{b7582be com.netvpn/10605} -> PackageSetting{adee24f com.android.theme.icon_pack.sam.systemui/10203} BLOCKED
09-24 20:59:41.290  1645  1985 I AppsFilter: interaction: PackageSetting{b7582be com.netvpn/10605} -> PackageSetting{dfd481f com.android.customization.themes/10381} BLOCKED
09-24 20:59:41.290  1645  1985 I AppsFilter: interaction: PackageSetting{b7582be com.netvpn/10605} -> PackageSetting{f6f6dc0 com.xt.retouchoversea/10502} BLOCKED
09-24 20:59:41.291  1645  1985 I AppsFilter: interaction: PackageSetting{b7582be com.netvpn/10605} -> PackageSetting{fbf5135 com.google.android.markup/10388} BLOCKED
09-24 20:59:41.291  1645  1985 I AppsFilter: interaction: PackageSetting{b7582be com.netvpn/10605} -> PackageSetting{d1bbbc8 com.nikgapps.overlay.partnersetup/10299} BLOCKED
09-24 20:59:41.291  1645  1985 I AppsFilter: interaction: PackageSetting{b7582be com.netvpn/10605} -> PackageSetting{7c26b86 com.android.theme.lockscreen_clock_font.bigcheese/10019} BLOCKED
09-24 20:59:41.291  1645  1985 I AppsFilter: interaction: PackageSetting{b7582be com.netvpn/10605} -> PackageSetting{ade959d com.android.theme.icon.teardrop/10225} BLOCKED
09-24 20:59:41.291  1645  1985 I AppsFilter: interaction: PackageSetting{b7582be com.netvpn/10605} -> PackageSetting{681e5e3 com.android.theme.font.exotwo/10118} BLOCKED
09-24 20:59:41.292  1645  1985 I AppsFilter: interaction: PackageSetting{b7582be com.netvpn/10605} -> PackageSetting{9ec3be0 com.android.theme.lockscreen_clock_font.reemkufi/10075} BLOCKED
09-24 20:59:41.292  1645  1985 I AppsFilter: interaction: PackageSetting{b7582be com.netvpn/10605} -> PackageSetting{54e646e com.google.android.contactkeys/10437} BLOCKED
09-24 20:59:41.292  1645  1985 I AppsFilter: interaction: PackageSetting{b7582be com.netvpn/10605} -> PackageSetting{e770f com.google.android.syncadapters.contacts/10387} BLOCKED
09-24 20:59:41.292  1645  1985 I AppsFilter: interaction: PackageSetting{b7582be com.netvpn/10605} -> PackageSetting{52fc7bb com.server.auditor.ssh.client/10460} BLOCKED
09-24 20:59:41.292  1645  1985 I AppsFilter: interaction: PackageSetting{b7582be com.netvpn/10605} -> PackageSetting{3abdb55 com.android.system.qs.outline/10488} BLOCKED
09-24 20:59:41.292  1645  1985 I AppsFilter: interaction: PackageSetting{b7582be com.netvpn/10605} -> PackageSetting{5be796a com.android.theme.icon_pack.rounded.themepicker/10198} BLOCKED
09-24 20:59:41.292  1645  1985 I AppsFilter: interaction: PackageSetting{b7582be com.netvpn/10605} -> PackageSetting{d142e5b com.android.system.navbar.nexus/10244} BLOCKED
09-24 20:59:41.293  1645  1985 I AppsFilter: interaction: PackageSetting{b7582be com.netvpn/10605} -> PackageSetting{d19a6f8 com.android.system.navbar.oneui/10247} BLOCKED
09-24 20:59:41.293  1645  1985 I AppsFilter: interaction: PackageSetting{b7582be com.netvpn/10605} -> PackageSetting{9bd7d1 com.android.system.navbar.sammy/10248} BLOCKED
09-24 20:59:41.293  1645  1985 I AppsFilter: interaction: PackageSetting{b7582be com.netvpn/10605} -> PackageSetting{ac2c236 com.android.system.navbar.tecno/10249} BLOCKED
09-24 20:59:41.293  1645  1985 I AppsFilter: interaction: PackageSetting{b7582be com.netvpn/10605} -> PackageSetting{eb69a34 ltd.nextalone.pkginstallerplus/10360} BLOCKED
09-24 20:59:41.293  1645  1985 I AppsFilter: interaction: PackageSetting{b7582be com.netvpn/10605} -> PackageSetting{c3d25a0 com.android.printservice.recommendation/10337} BLOCKED
09-24 20:59:41.294  1645  1985 I AppsFilter: interaction: PackageSetting{b7582be com.netvpn/10605} -> PackageSetting{499a668 com.android.dialer/10354} BLOCKED
09-24 20:59:41.294  1645  1985 I AppsFilter: interaction: PackageSetting{b7582be com.netvpn/10605} -> PackageSetting{13ff559 com.android.gallery3d/10507} BLOCKED
09-24 20:59:41.294  1645  1985 I AppsFilter: interaction: PackageSetting{b7582be com.netvpn/10605} -> PackageSetting{a03e20e com.android.theme.icon_pack.filled.systemui/10167} BLOCKED
09-24 20:59:41.294  1645  1985 I AppsFilter: interaction: PackageSetting{b7582be com.netvpn/10605} -> PackageSetting{e4c3a3c com.android.theme.lockscreen_clock_font.quicksouth/10073} BLOCKED
09-24 20:59:41.294  1645  1985 I AppsFilter: interaction: PackageSetting{b7582be com.netvpn/10605} -> PackageSetting{69b43c5 com.android.system.theme.black/10000} BLOCKED
09-24 20:59:41.294  1645  1985 I AppsFilter: interaction: PackageSetting{b7582be com.netvpn/10605} -> PackageSetting{fe608b8 com.android.wifi.resources/10423} BLOCKED
09-24 20:59:41.294  1645  1985 I AppsFilter: interaction: PackageSetting{b7582be com.netvpn/10605} -> PackageSetting{9f15741 com.android.theme.icon_pack.plumpy.systemui/10194} BLOCKED
09-24 20:59:41.295  1645  1985 I AppsFilter: interaction: PackageSetting{b7582be com.netvpn/10605} -> PackageSetting{57794d4 com.android.systemui.overlay.corfur/10314} BLOCKED
09-24 20:59:41.296  1645  1985 I AppsFilter: interaction: PackageSetting{b7582be com.netvpn/10605} -> PackageSetting{33b267d com.android.theme.lockscreen_clock_font.neondisco/10060} BLOCKED
09-24 20:59:41.296 27435 27435 I cr_WVCFactoryProvider: version=141.0.7390.27 (739002743) minSdkVersion=29 multiprocess=true packageId=2 splits=<none>
09-24 20:59:41.300  1645  1985 I AppsFilter: interaction: PackageSetting{b7582be com.netvpn/10605} -> PackageSetting{258ad79 com.android.theme.font.samsungone/10138} BLOCKED
09-24 20:59:41.301  1645  1985 I AppsFilter: interaction: PackageSetting{b7582be com.netvpn/10605} -> PackageSetting{932eabe com.android.theme.font.nunito/10129} BLOCKED
09-24 20:59:41.302  1645  1985 I AppsFilter: interaction: PackageSetting{b7582be com.netvpn/10605} -> PackageSetting{b28071f com.android.theme.font.cookierun/10116} BLOCKED
09-24 20:59:41.303  1645  1985 I AppsFilter: interaction: PackageSetting{b7582be com.netvpn/10605} -> PackageSetting{b2da835 com.android.theme.icon_pack.gradicon.systemui/10170} BLOCKED
09-24 20:59:41.305  1645  1985 I AppsFilter: interaction: PackageSetting{b7582be com.netvpn/10605} -> PackageSetting{9aef4ca com.android.theme.font.oswald/10136} BLOCKED
09-24 20:59:41.307  1645  1985 I AppsFilter: interaction: PackageSetting{b7582be com.netvpn/10605} -> PackageSetting{1f14052 ai.x.grok/10483} BLOCKED
09-24 20:59:41.309  1645  1985 I AppsFilter: interaction: PackageSetting{b7582be com.netvpn/10605} -> PackageSetting{447a8ed com.android.theme.font.coolstory/10117} BLOCKED
09-24 20:59:41.310  1645  1985 I AppsFilter: interaction: PackageSetting{b7582be com.netvpn/10605} -> PackageSetting{c495322 com.android.theme.icon_pack.sam.android/10199} BLOCKED
09-24 20:59:41.311  1645  1985 I AppsFilter: interaction: PackageSetting{b7582be com.netvpn/10605} -> PackageSetting{d8f1b3 com.android.theme.font.notoserifsource/10128} BLOCKED
09-24 20:59:41.312  1645  1985 I AppsFilter: interaction: PackageSetting{b7582be com.netvpn/10605} -> PackageSetting{782e6e9 com.android.theme.icon_pack.filled.android/10164} BLOCKED
09-24 20:59:41.313  1645  1985 I AppsFilter: interaction: PackageSetting{b7582be com.netvpn/10605} -> PackageSetting{826e42b com.android.system.qs.thin/10491} BLOCKED
09-24 20:59:41.314  1645  1985 I AppsFilter: interaction: PackageSetting{b7582be com.netvpn/10605} -> PackageSetting{6567088 com.android.theme.lockscreen_clock_font.linotte/10056} BLOCKED
09-24 20:59:41.315  1645  1985 I AppsFilter: interaction: PackageSetting{b7582be com.netvpn/10605} -> PackageSetting{a478a21 com.android.launcher3.auto_generated_rro_product__/10233} BLOCKED
09-24 20:59:41.316  1645  1985 I AppsFilter: interaction: PackageSetting{b7582be com.netvpn/10605} -> PackageSetting{3120e46 com.android.theme.font.quando/10133} BLOCKED
09-24 20:59:41.317  1645  1985 I AppsFilter: interaction: PackageSetting{b7582be com.netvpn/10605} -> PackageSetting{f2d9807 com.android.internal.display.cutout.emulation.waterfall/10099} BLOCKED
09-24 20:59:41.318 27435 27435 D nativeloader: Load /data/app/~~g5MSX9L6GXQxQ_ZcTc14CQ==/com.google.android.trichromelibrary_739002743-gWnAva6TJHBjk5MEQ985RA==/base.apk!/lib/arm64-v8a/libmonochrome_64.so using ns clns-13 from class loader (caller=/data/app/~~hJFfZi-WzHIXWviyDdydDw==/com.google.android.webview-CQSWwKXvXQNsoVafTatjyQ==/base.apk): ok
09-24 20:59:41.319  1645  1985 I AppsFilter: interaction: PackageSetting{b7582be com.netvpn/10605} -> PackageSetting{d71a75d com.android.theme.lockscreen_clock_font.harmonysans/10049} BLOCKED
09-24 20:59:41.320 27435 27435 D nativeloader: Load /system/lib64/libwebviewchromium_plat_support.so using ns clns-13 from class loader (caller=/data/app/~~hJFfZi-WzHIXWviyDdydDw==/com.google.android.webview-CQSWwKXvXQNsoVafTatjyQ==/base.apk): ok
09-24 20:59:41.320  1645  1985 I AppsFilter: interaction: PackageSetting{b7582be com.netvpn/10605} -> PackageSetting{950c8d2 com.android.theme.lockscreen_clock_font.pinewood/10069} BLOCKED
09-24 20:59:41.321  1645  1985 I AppsFilter: interaction: PackageSetting{b7582be com.netvpn/10605} -> PackageSetting{901ada3 com.android.theme.icon_pack.circular.systemui/10162} BLOCKED
09-24 20:59:41.322  1645  1985 I AppsFilter: interaction: PackageSetting{b7582be com.netvpn/10605} -> PackageSetting{d8f1439 com.android.inputmethod.latin/10512} BLOCKED
09-24 20:59:41.323  1645  1985 I AppsFilter: interaction: PackageSetting{b7582be com.netvpn/10605} -> PackageSetting{f265c59 com.android.internal.systemui.navbar.transparent/10498} BLOCKED
09-24 20:59:41.325  1645  1985 I AppsFilter: interaction: PackageSetting{b7582be com.netvpn/10605} -> PackageSetting{94ea01e com.android.theme.lockscreen_clock_font.concentrate/10032} BLOCKED
09-24 20:59:41.325 27435 27475 I chromium: [0924/205941.324804:INFO:android_webview/browser/variations/variations_seed_loader.cc:67] Failed to open file for reading.: No such file or directory (2)
09-24 20:59:41.326  1645  1985 I AppsFilter: interaction: PackageSetting{b7582be com.netvpn/10605} -> PackageSetting{1aa509c com.zhiliaoapp.musically/10595} BLOCKED
09-24 20:59:41.327  1645  1985 I AppsFilter: interaction: PackageSetting{b7582be com.netvpn/10605} -> PackageSetting{7780ff com.crdroid.updater.auto_generated_rro_product__/10284} BLOCKED
09-24 20:59:41.328  1645  1985 I AppsFilter: interaction: PackageSetting{b7582be com.netvpn/10605} -> PackageSetting{69cecc com.android.theme.font.surfer/10141} BLOCKED
09-24 20:59:41.329  1645  1985 I AppsFilter: interaction: PackageSetting{b7582be com.netvpn/10605} -> PackageSetting{ac0a02a com.android.theme.icon_pack.pui.android/10187} BLOCKED
09-24 20:59:41.330  1645  1985 I AppsFilter: interaction: PackageSetting{b7582be com.netvpn/10605} -> PackageSetting{9ffc58b org.lineageos.etar/10380} BLOCKED
09-24 20:59:41.331  1645  1985 I AppsFilter: interaction: PackageSetting{b7582be com.netvpn/10605} -> PackageSetting{f1a8a4c com.google.android.apps.photos/10390} BLOCKED
09-24 20:59:41.332  1645  1985 I AppsFilter: interaction: PackageSetting{b7582be com.netvpn/10605} -> PackageSetting{bcb0bb8 com.android.theme.lockscreen_clock_font.sonysketch/10083} BLOCKED
09-24 20:59:41.333  1645  1985 I AppsFilter: interaction: PackageSetting{b7582be com.netvpn/10605} -> PackageSetting{b563d91 com.android.theme.icon_pack.kai.android/10171} BLOCKED
09-24 20:59:41.334  1645  1985 I AppsFilter: interaction: PackageSetting{b7582be com.netvpn/10605} -> PackageSetting{9a094f6 com.android.theme.font.ubuntu/10142} BLOCKED
09-24 20:59:41.335  1645  1985 I AppsFilter: interaction: PackageSetting{b7582be com.netvpn/10605} -> PackageSetting{c59da88 com.google.android.syncadapters.calendar/10386} BLOCKED
09-24 20:59:41.337 27435 27435 I cr_LibraryLoader: Successfully loaded native library
09-24 20:59:41.338  1645  1985 I AppsFilter: interaction: PackageSetting{b7582be com.netvpn/10605} -> PackageSetting{43f0f9e com.spotify.music/10484} BLOCKED
09-24 20:59:41.338 27435 27435 I cr_CachingUmaRecorder: Flushed 16 samples from 16 histograms, 0 samples were dropped.
09-24 20:59:41.340  1645  1985 I AppsFilter: interaction: PackageSetting{b7582be com.netvpn/10605} -> PackageSetting{b092497 com.mercadolibre/10373} BLOCKED
09-24 20:59:41.341  1645  1985 I AppsFilter: interaction: PackageSetting{b7582be com.netvpn/10605} -> PackageSetting{3894593 com.android.theme.icon_pack.lorn.systemui/10177} BLOCKED
09-24 20:59:41.341 27435 27435 I cr_CombinedPProvider: #registerProvider() provider:WV.bk@2bb6175 isPolicyCacheEnabled:false policyProvidersSize:0
09-24 20:59:41.342  1645  1985 I AppsFilter: interaction: PackageSetting{b7582be com.netvpn/10605} -> PackageSetting{75799d0 com.android.theme.lockscreen_clock_font.hotsweat/10050} BLOCKED
09-24 20:59:41.342 27435 27435 I cr_PolicyProvider: #setManagerAndSource() 0
09-24 20:59:41.343  1645  1985 I AppsFilter: interaction: PackageSetting{b7582be com.netvpn/10605} -> PackageSetting{80a0dc9 com.android.theme.lockscreen_clock_font.redressed/10074} BLOCKED
09-24 20:59:41.344  1645  1985 I AppsFilter: interaction: PackageSetting{b7582be com.netvpn/10605} -> PackageSetting{ef14cce com.android.theme.lockscreen_clock_font.cat/10030} BLOCKED
09-24 20:59:41.345  1645  1985 I AppsFilter: interaction: PackageSetting{b7582be com.netvpn/10605} -> PackageSetting{3dc4c7 com.android.dreams.phototable/10372} BLOCKED
09-24 20:59:41.346  1645  1985 I AppsFilter: interaction: PackageSetting{b7582be com.netvpn/10605} -> PackageSetting{36482fc com.android.system.navbar.old/10245} BLOCKED
09-24 20:59:41.347  1645  1985 I AppsFilter: interaction: PackageSetting{b7582be com.netvpn/10605} -> PackageSetting{c9cbd85 com.crdroid.systemui.signalbar_e/10286} BLOCKED
09-24 20:59:41.348  1645  1985 I AppsFilter: interaction: PackageSetting{b7582be com.netvpn/10605} -> PackageSetting{a5967da com.android.theme.font.robotocondensed/10135} BLOCKED
09-24 20:59:41.350  1645  1985 I AppsFilter: interaction: PackageSetting{b7582be com.netvpn/10605} -> PackageSetting{db27e25 com.facebook.katana/10429} BLOCKED
09-24 20:59:41.351  1645  1985 I AppsFilter: interaction: PackageSetting{b7582be com.netvpn/10605} -> PackageSetting{6f4d2e8 com.android.theme.lockscreen_clock_font.cagliostro/10025} BLOCKED
09-24 20:59:41.352  1645  1985 I AppsFilter: interaction: PackageSetting{b7582be com.netvpn/10605} -> PackageSetting{5f0ad01 com.android.theme.icon_pack.kai.launcher/10172} BLOCKED
09-24 20:59:41.353  1645  1985 I AppsFilter: interaction: PackageSetting{b7582be com.netvpn/10605} -> PackageSetting{bf627a6 com.android.system.qs.surround/10490} BLOCKED
09-24 20:59:41.355  1645  1985 I AppsFilter: interaction: PackageSetting{b7582be com.netvpn/10605} -> PackageSetting{847a5e7 com.android.system.qs.shaded/10458} BLOCKED
09-24 20:59:41.355  1645  2710 V GrammaticalInflectionUtils: AttributionSource: android.content.AttributionSource@b49df1e does not have READ_SYSTEM_GRAMMATICAL_GENDER permission.
09-24 20:59:41.360  1645  1985 I AppsFilter: interaction: PackageSetting{b7582be com.netvpn/10605} -> PackageSetting{2b83594 com.android.theme.lockscreen_clock_font.sansserif/10445} BLOCKED
09-24 20:59:41.361  1645  1985 I AppsFilter: interaction: PackageSetting{b7582be com.netvpn/10605} -> PackageSetting{d3a183d com.android.theme.icon_pack.nostalgic.android/10463} BLOCKED
09-24 20:59:41.362  1645  1985 I AppsFilter: interaction: PackageSetting{b7582be com.netvpn/10605} -> PackageSetting{5db6db7 com.android.smspush/10406} BLOCKED
09-24 20:59:41.363  1645  1985 I AppsFilter: interaction: PackageSetting{b7582be com.netvpn/10605} -> PackageSetting{a4ca32c com.android.system.qs.twotoneaccent/10494} BLOCKED
09-24 20:59:41.364  1645  1985 I AppsFilter: interaction: PackageSetting{b7582be com.netvpn/10605} -> PackageSetting{2cee6d com.lagradost.cloudstream3.prereleasf/10369} BLOCKED
09-24 20:59:41.365  1645  1985 I AppsFilter: interaction: PackageSetting{b7582be com.netvpn/10605} -> PackageSetting{14b7b8a com.android.system.qs.ui.A11/10428} BLOCKED
09-24 20:59:41.367  1645  1985 I AppsFilter: interaction: PackageSetting{b7582be com.netvpn/10605} -> PackageSetting{c65a924 com.android.wallpaper.livepicker/10325} BLOCKED
09-24 20:59:41.369  1645  1985 I AppsFilter: interaction: PackageSetting{b7582be com.netvpn/10605} -> PackageSetting{27dd871 com.android.theme.icon.hexagon/10213} BLOCKED
09-24 20:59:41.370  1645  1985 I AppsFilter: interaction: PackageSetting{b7582be com.netvpn/10605} -> PackageSetting{6aa2c8d com.android.cellbroadcastreceiver.module/10419} BLOCKED
09-24 20:59:41.371  1645  1985 I AppsFilter: interaction: PackageSetting{b7582be com.netvpn/10605} -> PackageSetting{72fd6d7 com.android.theme.icon.ios/10472} BLOCKED
09-24 20:59:41.372  1645  1985 I AppsFilter: interaction: PackageSetting{b7582be com.netvpn/10605} -> PackageSetting{6e63390 com.android.apps.tag/10322} BLOCKED
09-24 20:59:41.373  1645  1985 I AppsFilter: interaction: PackageSetting{b7582be com.netvpn/10605} -> PackageSetting{c6c621c com.facebook.orca/10603} BLOCKED
09-24 20:59:41.373  1645  1985 I AppsFilter: interaction: PackageSetting{b7582be com.netvpn/10605} -> PackageSetting{497f1e2 com.android.inputmethod.latin.auto_generated_rro_product__/10231} BLOCKED
09-24 20:59:41.374  1645  1985 I AppsFilter: interaction: PackageSetting{b7582be com.netvpn/10605} -> PackageSetting{2f45caf com.android.imsserviceentitlement/10358} BLOCKED
09-24 20:59:41.375  1645  1985 I AppsFilter: interaction: PackageSetting{b7582be com.netvpn/10605} -> PackageSetting{2b44030 com.android.theme.lockscreen_clock_font.messinglettern/10059} BLOCKED
09-24 20:59:41.375  1645  1985 I AppsFilter: interaction: PackageSetting{b7582be com.netvpn/10605} -> PackageSetting{76e24a9 com.custom.overlay.systemui.wifiAurora/10003} BLOCKED
09-24 20:59:41.376  1645  1985 I AppsFilter: interaction: PackageSetting{b7582be com.netvpn/10605} -> PackageSetting{34d339a com.android.appsearch.apk/10534} BLOCKED
09-24 20:59:41.377  1645  1985 I AppsFilter: interaction: PackageSetting{b7582be com.netvpn/10605} -> PackageSetting{708c9cf org.lineageos.settings.device.auto_generated_rro_product__/10239} BLOCKED
09-24 20:59:41.377  1645  1985 I AppsFilter: interaction: PackageSetting{b7582be com.netvpn/10605} -> PackageSetting{1552f5c com.android.theme.icon_pack.sam.launcher/10200} BLOCKED
09-24 20:59:41.378  1645  1985 I AppsFilter: interaction: PackageSetting{b7582be com.netvpn/10605} -> PackageSetting{2db6265 com.android.theme.lockscreen_clock_font.nothingdotheadline/10065} BLOCKED
09-24 20:59:41.378  1645  1985 I AppsFilter: interaction: PackageSetting{b7582be com.netvpn/10605} -> PackageSetting{b04e4a8 org.lineageos.twelve/10510} BLOCKED
09-24 20:59:41.380  1645  1985 I AppsFilter: interaction: PackageSetting{b7582be com.netvpn/10605} -> PackageSetting{6f233eb com.android.systemui.corfur.lineage/10310} BLOCKED
09-24 20:59:41.380  1645  1985 I AppsFilter: interaction: PackageSetting{b7582be com.netvpn/10605} -> PackageSetting{3b3e548 com.android.theme.icon_pack.plumpy.android/10189} BLOCKED
09-24 20:59:41.380  2466  2466 D Zygote  : Forked child process 27480
09-24 20:59:41.381  1645  1985 I AppsFilter: interaction: PackageSetting{b7582be com.netvpn/10605} -> PackageSetting{124bfe1 com.android.theme.icon.squircle/10223} BLOCKED
09-24 20:59:41.382  1645  1985 I AppsFilter: interaction: PackageSetting{b7582be com.netvpn/10605} -> PackageSetting{8227106 com.android.theme.lockscreen_clock_font.fibography/10040} BLOCKED
09-24 20:59:41.382  1645  1985 I AppsFilter: interaction: PackageSetting{b7582be com.netvpn/10605} -> PackageSetting{5be23c7 com.android.theme.lockscreen_clock_font.karamuruh/10053} BLOCKED
09-24 20:59:41.383  1645  1985 I AppsFilter: interaction: PackageSetting{b7582be com.netvpn/10605} -> PackageSetting{24c791d com.android.theme.icon_pack.victor.android/10204} BLOCKED
09-24 20:59:41.387  1645  1985 I AppsFilter: interaction: PackageSetting{b7582be com.netvpn/10605} -> PackageSetting{1a786ea com.android.theme.lockscreen_clock_font.nokiapure/10063} BLOCKED
09-24 20:59:41.388  1645  1985 I AppsFilter: interaction: PackageSetting{b7582be com.netvpn/10605} -> PackageSetting{26beddb com.android.theme.icon_pack.aurora.systemui/10158} BLOCKED
09-24 20:59:41.389  1645  1985 I AppsFilter: interaction: PackageSetting{b7582be com.netvpn/10605} -> PackageSetting{ccf3078 com.android.theme.icon_pack.filled.launcher/10165} BLOCKED
09-24 20:59:41.391  1645  1985 I AppsFilter: interaction: PackageSetting{b7582be com.netvpn/10605} -> PackageSetting{c02dc24 com.android.system.qs.cyberpunk/10486} BLOCKED
09-24 20:59:41.392  1645  1985 I AppsFilter: interaction: PackageSetting{b7582be com.netvpn/10605} -> PackageSetting{422e38d com.android.theme.lockscreen_clock_font.almontesnow/10014} BLOCKED
09-24 20:59:41.393 27480 27480 E libc    : SetHeapTaggingLevel: re-enabling tagging after it was disabled is not supported
09-24 20:59:41.393  1645  1985 I AppsFilter: interaction: PackageSetting{b7582be com.netvpn/10605} -> PackageSetting{253fe16 com.google.android.settings.intelligence/10305} BLOCKED
09-24 20:59:41.394  1645  1985 I AppsFilter: interaction: PackageSetting{b7582be com.netvpn/10605} -> PackageSetting{864cc20 com.android.calculator2/10378} BLOCKED
09-24 20:59:41.397  1645  1985 I AppsFilter: interaction: PackageSetting{b7582be com.netvpn/10605} -> PackageSetting{989cdf com.google.android.projection.gearhead/10362} BLOCKED
09-24 20:59:41.398  1645  1985 I AppsFilter: interaction: PackageSetting{b7582be com.netvpn/10605} -> PackageSetting{6e72b89 com.android.theme.lockscreen_clock_font.loweratmosphere/10058} BLOCKED
09-24 20:59:41.399  1645  1985 I AppsFilter: interaction: PackageSetting{b7582be com.netvpn/10605} -> PackageSetting{b1afb52 com.google.android.apps.turbo/10356} BLOCKED
09-24 20:59:41.400  1645  1985 I AppsFilter: interaction: PackageSetting{b7582be com.netvpn/10605} -> PackageSetting{9d534d8 com.msandroid.mobile/10496} BLOCKED
09-24 20:59:41.401  1645  1985 I AppsFilter: interaction: PackageSetting{b7582be com.netvpn/10605} -> PackageSetting{e538bbc com.android.theme.lockscreen_clock_font.elriott2/10042} BLOCKED
09-24 20:59:41.402  1645  1985 I AppsFilter: interaction: PackageSetting{b7582be com.netvpn/10605} -> PackageSetting{d8df745 com.android.theme.lockscreen_clock_font.cocon/10028} BLOCKED
09-24 20:59:41.402  1645  1985 I AppsFilter: interaction: PackageSetting{b7582be com.netvpn/10605} -> PackageSetting{8b210d9 com.google.android.safetycore/10433} BLOCKED
09-24 20:59:41.403  1645  1985 I AppsFilter: interaction: PackageSetting{b7582be com.netvpn/10605} -> PackageSetting{d8003cb com.android.systemui.wifiNothingDot/10258} BLOCKED
09-24 20:59:41.403  1645  1978 I system_server: Background young concurrent copying GC freed 94MB AllocSpace bytes, 5(100KB) LOS objects, 60% free, 60MB/153MB, paused 471us,585us total 109.668ms
09-24 20:59:41.404  1645  2070 I ActivityManager: Start proc 27480:com.google.android.webview:sandboxed_process0:org.chromium.content.app.SandboxedProcessService0:0/u0i31 for  {com.netvpn/org.chromium.content.app.SandboxedProcessService0:0}
09-24 20:59:41.404  1645  1985 I AppsFilter: interaction: PackageSetting{b7582be com.netvpn/10605} -> PackageSetting{aaba7a8 com.android.theme.lockscreen_clock_font.rubik/10081} BLOCKED
09-24 20:59:41.404  1645  1985 I AppsFilter: interaction: PackageSetting{b7582be com.netvpn/10605} -> PackageSetting{c1bc2c1 com.android.theme.lockscreen_clock_font.comfortaa/10029} BLOCKED
09-24 20:59:41.405 27435 27435 I cr_CombinedPProvider: #linkNativeInternal() 1
09-24 20:59:41.405  1645  1985 I AppsFilter: interaction: PackageSetting{b7582be com.netvpn/10605} -> PackageSetting{440ed2c com.android.cts.ctsshim/10414} BLOCKED
09-24 20:59:41.406  1645  1985 I AppsFilter: interaction: PackageSetting{b7582be com.netvpn/10605} -> PackageSetting{f6eea66 com.android.theme.lockscreen_clock_font.kingthings/10052} BLOCKED
09-24 20:59:41.402  1645  1645 W binder:1645_1A: type=1400 audit(0.0:33317): avc:  denied  { read } for  name="k27206" dev="dm-45" ino=98777 scontext=u:r:system_server:s0 tcontext=u:object_r:system_data_root_file:s0 tclass=file permissive=0
09-24 20:59:41.406  1645  1985 I AppsFilter: interaction: PackageSetting{b7582be com.netvpn/10605} -> PackageSetting{860c9fd com.android.theme.lockscreen_clock_font.robotocondensed/10078} BLOCKED
09-24 20:59:41.407  1645  1980 W System  : A resource failed to call release. 
09-24 20:59:41.407  1645  1980 W System  : A resource failed to call HardwareBuffer.close. 
09-24 20:59:41.407  1645  1980 W System  : A resource failed to call release. 
09-24 20:59:41.407  1645  1985 I AppsFilter: interaction: PackageSetting{b7582be com.netvpn/10605} -> PackageSetting{92b2143 com.custom.overlay.systemui.wifiPlumpy/10264} BLOCKED
09-24 20:59:41.408  1645  1985 I AppsFilter: interaction: PackageSetting{b7582be com.netvpn/10605} -> PackageSetting{851c3c0 com.android.theme.icon_pack.pui.themepicker/10191} BLOCKED
09-24 20:59:41.408  1645  1985 I AppsFilter: interaction: PackageSetting{b7582be com.netvpn/10605} -> PackageSetting{af508f9 com.android.system.qs.twotoneaccenttrans/10495} BLOCKED
09-24 20:59:41.406  1645  1645 W binder:1645_1A: type=1400 audit(0.0:33318): avc:  denied  { read } for  name="k27206" dev="dm-45" ino=98777 scontext=u:r:system_server:s0 tcontext=u:object_r:system_data_root_file:s0 tclass=file permissive=0
09-24 20:59:41.408 27435 27435 I cr_AppResProvider: #getApplicationRestrictionsFromUserManager() Bundle[EMPTY_PARCEL]
09-24 20:59:41.409 27435 27435 I cr_PolicyProvider: #notifySettingsAvailable() 0
09-24 20:59:41.408  1645  1985 I AppsFilter: interaction: PackageSetting{b7582be com.netvpn/10605} -> PackageSetting{ca6e03e com.android.theme.lockscreen_clock_font.bariol/10021} BLOCKED
09-24 20:59:41.409 27435 27435 I cr_CombinedPProvider: #onSettingsAvailable() 0
09-24 20:59:41.409 27435 27435 I cr_CombinedPProvider: #flushPolicies()
09-24 20:59:41.409 27480 27480 I ocessService0:0: Using CollectorTypeCC GC.
09-24 20:59:41.410  1645  1985 I AppsFilter: interaction: PackageSetting{b7582be com.netvpn/10605} -> PackageSetting{3f43bb5 com.android.theme.lockscreen_clock_font.comicsans/10033} BLOCKED
09-24 20:59:41.410  1645  1985 I AppsFilter: interaction: PackageSetting{b7582be com.netvpn/10605} -> PackageSetting{37cb916 com.android.theme.lockscreen_clock_font.editpoints/10037} BLOCKED
09-24 20:59:41.411  1645  1985 I AppsFilter: interaction: PackageSetting{b7582be com.netvpn/10605} -> PackageSetting{c0350a2 com.android.theme.lockscreen_clock_font.remponk/10076} BLOCKED
09-24 20:59:41.412  1645  1985 I AppsFilter: interaction: PackageSetting{b7582be com.netvpn/10605} -> PackageSetting{a3d9cf0 com.android.theme.lockscreen_clock_font.floorlight/10043} BLOCKED
09-24 20:59:41.412  1645  1985 I AppsFilter: interaction: PackageSetting{b7582be com.netvpn/10605} -> PackageSetting{5045d8f com.android.theme.icon_pack.circular.launcher/10160} BLOCKED
09-24 20:59:41.414  1645  1985 I AppsFilter: interaction: PackageSetting{b7582be com.netvpn/10605} -> PackageSetting{ee4e613 com.android.wallpaper/10401} BLOCKED
09-24 20:59:41.414  1645  1985 I AppsFilter: interaction: PackageSetting{b7582be com.netvpn/10605} -> PackageSetting{5a06f87 com.android.theme.icon.cylinder/10214} BLOCKED
09-24 20:59:41.414 27480 27480 E ocessService0:0: Not starting debugger since process cannot load the jdwp agent.
09-24 20:59:41.415  1645  1985 I AppsFilter: interaction: PackageSetting{b7582be com.netvpn/10605} -> PackageSetting{72f0add com.android.theme.lockscreen_clock_font.vtksdura3d/10091} BLOCKED
09-24 20:59:41.415  1645  1985 I AppsFilter: interaction: PackageSetting{b7582be com.netvpn/10605} -> PackageSetting{2eb8408 com.danaelssh.vpn/10625} BLOCKED
09-24 20:59:41.416  1645  1985 I AppsFilter: interaction: PackageSetting{b7582be com.netvpn/10605} -> PackageSetting{c8a7d23 com.nikgapps.overlay.turbo/10298} BLOCKED
09-24 20:59:41.417  1645  1985 I AppsFilter: interaction: PackageSetting{b7582be com.netvpn/10605} -> PackageSetting{87dc87f com.android.theme.lockscreen_clock_font.cfbadnews/10024} BLOCKED
09-24 20:59:41.417  1645  1985 I AppsFilter: interaction: PackageSetting{b7582be com.netvpn/10605} -> PackageSetting{1df404c com.nikgapps.overlay.androidauto/10300} BLOCKED
09-24 20:59:41.418  1645  1985 I AppsFilter: interaction: PackageSetting{b7582be com.netvpn/10605} -> PackageSetting{86db895 com.android.theme.lockscreen_clock_font.exotwo/10041} BLOCKED
09-24 20:59:41.418  1645  1985 I AppsFilter: interaction: PackageSetting{b7582be com.netvpn/10605} -> PackageSetting{d332daa com.android.theme.font.oneplussans/10130} BLOCKED
09-24 20:59:41.419  1645  1985 I AppsFilter: interaction: PackageSetting{b7582be com.netvpn/10605} -> PackageSetting{8b17333 com.google.android.keep/10459} BLOCKED
09-24 20:59:41.420  1645  1985 I AppsFilter: interaction: PackageSetting{b7582be com.netvpn/10605} -> PackageSetting{dbe4911 com.android.theme.lockscreen_clock_font.romantiques/10077} BLOCKED
09-24 20:59:41.421 27480 27480 D nativeloader: Load libframework-connectivity-tiramisu-jni.so using APEX ns com_android_tethering for caller /apex/com.android.tethering/javalib/framework-connectivity-t.jar: ok
09-24 20:59:41.422  1645  1985 I AppsFilter: interaction: PackageSetting{b7582be com.netvpn/10605} -> PackageSetting{86e7a76 com.android.theme.lockscreen_clock_font.hanged/10047} BLOCKED
09-24 20:59:41.423  1645  1985 I AppsFilter: interaction: PackageSetting{b7582be com.netvpn/10605} -> PackageSetting{9834ce4 com.custom.overlay.systemui.gestural.hidden_narrow_back/10461} BLOCKED
09-24 20:59:41.424  1645  1985 I AppsFilter: interaction: PackageSetting{b7582be com.netvpn/10605} -> PackageSetting{59d589a turbo.mx.anuncios/10359} BLOCKED
09-24 20:59:41.425  1645  1985 I AppsFilter: interaction: PackageSetting{b7582be com.netvpn/10605} -> PackageSetting{8a4f513 com.android.settings.auto_generated_rro_product__/10272} BLOCKED
09-24 20:59:41.426  1645  1985 I AppsFilter: interaction: PackageSetting{b7582be com.netvpn/10605} -> PackageSetting{4686466 org.chromium.webapk.a202eb8143145480f_v2/10577} BLOCKED
09-24 20:59:41.427  1645  1985 I AppsFilter: interaction: PackageSetting{b7582be com.netvpn/10605} -> PackageSetting{75fcf6f com.android.systemui.signalbar_a/10278} BLOCKED
09-24 20:59:41.428  1645  1985 I AppsFilter: interaction: PackageSetting{b7582be com.netvpn/10605} -> PackageSetting{3d9547c com.android.systemui.signalbar_b/10274} BLOCKED
09-24 20:59:41.428  1645  1985 I AppsFilter: interaction: PackageSetting{b7582be com.netvpn/10605} -> PackageSetting{f2ef105 com.android.systemui.signalbar_c/10292} BLOCKED
