--------- beginning of system
09-24 20:59:40.285  1645  2196 W ActivityTaskManager: callingPackage for (uid=2000, pid=27431) has no WPC
09-24 20:59:40.287  1645  2196 W OptProp : Cannot read opt property android.window.PROPERTY_COMPAT_ALLOW_ORIENTATION_OVERRIDE
--------- beginning of main
09-24 20:59:40.288  1645  2196 V GrammaticalInflectionUtils: AttributionSource: android.content.AttributionSource@9e79e648 does not have READ_SYSTEM_GRAMMATICAL_GENDER permission.
09-24 20:59:40.288  1645  2196 W OptProp : Cannot read opt property android.window.PROPERTY_COMPAT_ALLOW_RESIZEABLE_ACTIVITY_OVERRIDES
09-24 20:59:40.289  1645  2196 W OptProp : Cannot read opt property android.window.PROPERTY_COMPAT_ALLOW_MIN_ASPECT_RATIO_OVERRIDE
09-24 20:59:40.291  1645  2196 E CellBroadcastUtils: getDefaultCellBroadcastReceiverPackageName: no package found
09-24 20:59:40.306  1645  2087 W libprocessgroup: SetCgroup::ExecuteForProcess: failed to open /dev/stune/top-app/cgroup.procs: No such file or directory
09-24 20:59:40.312  1645  2196 I ActivityTaskManager: START u0 {flg=0x10000000 cmp=com.netvpn/com.slipkprojects.sockshttp.LauncherActivity} with LAUNCH_MULTIPLE from uid 2000 (BAL_ALLOW_PERMISSION) result code=0
09-24 20:59:40.317  1645  2036 V GrammaticalInflectionUtils: AttributionSource: android.content.AttributionSource@9e79e648 does not have READ_SYSTEM_GRAMMATICAL_GENDER permission.
09-24 20:59:40.320  2695  2695 W SplitSelectStateCtor: Missing session instanceIds
09-24 20:59:40.320  2695  2695 D StatsLog: LAUNCHER_SPLIT_SELECTION_EXIT_INTERRUPTED
09-24 20:59:40.323  2695  2695 I TopTaskTracker: onTaskMovedToFront: (moved taskInfo to front) taskId=4016, baseIntent=Intent { flg=0x10000000 cmp=com.netvpn/com.slipkprojects.sockshttp.LauncherActivity }
09-24 20:59:40.327  1226  1226 I BpBinder: onLastStrongRef automatically unlinking death recipients: 
09-24 20:59:40.333  1007  1007 D Zygote  : Forked child process 27435
09-24 20:59:40.334  1645  2070 I ActivityManager: Start proc 27435:com.netvpn/u0a605 for next-top-activity {com.netvpn/com.slipkprojects.sockshttp.LauncherActivity}
09-24 20:59:40.357 27435 27435 I com.netvpn: Late-enabling -Xcheck:jni
09-24 20:59:40.373 27435 27435 I com.netvpn: Using CollectorTypeCC GC.
09-24 20:59:40.378 15518 15529 I adbd    : jdwp connection from 27435
09-24 20:59:40.400 27435 27435 D nativeloader: Load libframework-connectivity-tiramisu-jni.so using APEX ns com_android_tethering for caller /apex/com.android.tethering/javalib/framework-connectivity-t.jar: ok
09-24 20:59:40.412  1645  2087 W libprocessgroup: SetCgroup::ExecuteForProcess: failed to open /dev/stune/top-app/cgroup.procs: No such file or directory
09-24 20:59:40.420 29588 29588 I btcd    : onPause
09-24 20:59:40.424  1528  1628 E statsd  : Found dropped events: 1 error -19 last atom tag 240 from uid 10605
09-24 20:59:40.424  1528  1628 W statsd  : SocketLossEvent detected: 7706834631 (firstLossTsNanos), 7706834631 (lastLossTsNanos)
09-24 20:59:40.424  1528  1628 W statsd  : For uid 10605 atom 240 was lost 1 times with error -19
09-24 20:59:40.424 27435 27435 D CompatChangeReporter: Compat change id reported: 242716250; UID 10605; state: ENABLED
09-24 20:59:40.440 27435 27435 D ApplicationLoaders: Returning zygote-cached class loader: /system/framework/org.apache.http.legacy.jar
09-24 20:59:40.440 27435 27435 D ApplicationLoaders: Returning zygote-cached class loader: /system_ext/framework/androidx.window.extensions.jar
09-24 20:59:40.440 27435 27435 D ApplicationLoaders: Returning zygote-cached class loader: /system_ext/framework/androidx.window.sidecar.jar
09-24 20:59:40.441 27435 27435 W ziparchive: Unable to open '/data/app/~~Xzurl95-UWlfogKzVYmc-g==/com.netvpn-1Gr9B_eVJONodqsSGZI0hQ==/base.dm': No such file or directory
09-24 20:59:40.441 27435 27435 W ziparchive: Unable to open '/data/app/~~Xzurl95-UWlfogKzVYmc-g==/com.netvpn-1Gr9B_eVJONodqsSGZI0hQ==/base.dm': No such file or directory
09-24 20:59:40.532  5831  5850 W HidlServiceManagement: Waited one second for vendor.qti.hardware.qccsyshal@1.0::IQccsyshal/qccsyshal
09-24 20:59:40.532   718   718 I hwservicemanager: Since vendor.qti.hardware.qccsyshal@1.0::IQccsyshal/qccsyshal is not registered, trying to start it as a lazy HAL (if it's not configured to be a lazy HAL, it may be stuck starting or still starting).
09-24 20:59:40.533  5831  5850 I HidlServiceManagement: getService: Trying again for vendor.qti.hardware.qccsyshal@1.0::IQccsyshal/qccsyshal...
09-24 20:59:40.534   718 27449 W libc    : Unable to set property "ctl.interface_start" to "vendor.qti.hardware.qccsyshal@1.0::IQccsyshal/qccsyshal": PROP_ERROR_HANDLE_CONTROL_MESSAGE (0x20)
09-24 20:59:40.534   718 27449 I hwservicemanager: Tried to start vendor.qti.hardware.qccsyshal@1.0::IQccsyshal/qccsyshal as a lazy service, but was unable to. Usually this happens when a service is not installed, but if the service is intended to be used as a lazy service, then it may be configured incorrectly.
09-24 20:59:40.651  2695  2695 D VRI[QuickstepLauncher]: visibilityChanged oldVisibility=true newVisibility=false
09-24 20:59:40.729 27435 27435 D nativeloader: Configuring clns-7 for other apk /data/app/~~Xzurl95-UWlfogKzVYmc-g==/com.netvpn-1Gr9B_eVJONodqsSGZI0hQ==/base.apk. target_sdk_version=34, uses_libraries=, library_path=/data/app/~~Xzurl95-UWlfogKzVYmc-g==/com.netvpn-1Gr9B_eVJONodqsSGZI0hQ==/lib/arm64:/data/app/~~Xzurl95-UWlfogKzVYmc-g==/com.netvpn-1Gr9B_eVJONodqsSGZI0hQ==/base.apk!/lib/arm64-v8a, permitted_path=/data:/mnt/expand:/data/user/0/com.netvpn
09-24 20:59:40.741 27435 27435 V GraphicsEnvironment: Currently set values for:
09-24 20:59:40.741 27435 27435 V GraphicsEnvironment:   angle_gl_driver_selection_pkgs=[com.android.angle, com.linecorp.b612.android, com.campmobile.snow, com.google.android.apps.tachyon]
09-24 20:59:40.741 27435 27435 V GraphicsEnvironment:   angle_gl_driver_selection_values=[angle, native, native, native]
09-24 20:59:40.741 27435 27435 V GraphicsEnvironment: com.netvpn is not listed in per-application setting
09-24 20:59:40.741 27435 27435 V GraphicsEnvironment: Neither updatable production driver nor prerelease driver is supported.
09-24 20:59:40.775 27435 27435 D WM-WrkMgrInitializer: Initializing WorkManager with default configuration.
09-24 20:59:40.782 27435 27452 D ApplicationLoaders: Returning zygote-cached class loader: /system/framework/org.apache.http.legacy.jar
09-24 20:59:40.785 27435 27452 D nativeloader: Configuring clns-8 for other apk /system/framework/com.android.media.remotedisplay.jar. target_sdk_version=36, uses_libraries=ALL, library_path=/data/app/~~PKhMlqo6X5D7ITI_I21how==/com.google.android.gms-d661gzCtukkqr0k28QPuSA==/lib/arm64:/data/app/~~PKhMlqo6X5D7ITI_I21how==/com.google.android.gms-d661gzCtukkqr0k28QPuSA==/base.apk!/lib/arm64-v8a, permitted_path=/data:/mnt/expand:/data/user/0/com.google.android.gms
09-24 20:59:40.785 27435 27452 D nativeloader: Extending system_exposed_libraries: libupdateprof.qti.so:libQOC.qti.so:libdiag_system.qti.so:libqape.qti.so:libqesdk_ndk_platform.qti.so:liblistenjni.qti.so
09-24 20:59:40.786  1645  1985 I AppsFilter: interaction: PackageSetting{b7582be com.netvpn/10605} -> PackageSetting{d592333 com.android.theme.font.sanfrancisco/10453} BLOCKED
09-24 20:59:40.786  1645  1985 I AppsFilter: interaction: PackageSetting{b7582be com.netvpn/10605} -> PackageSetting{bafc056 org.omnirom.omnijaws/10409} BLOCKED
09-24 20:59:40.788 27435 27452 D nativeloader: Configuring clns-9 for other apk /system/framework/com.android.location.provider.jar. target_sdk_version=36, uses_libraries=ALL, library_path=/data/app/~~PKhMlqo6X5D7ITI_I21how==/com.google.android.gms-d661gzCtukkqr0k28QPuSA==/lib/arm64:/data/app/~~PKhMlqo6X5D7ITI_I21how==/com.google.android.gms-d661gzCtukkqr0k28QPuSA==/base.apk!/lib/arm64-v8a, permitted_path=/data:/mnt/expand:/data/user/0/com.google.android.gms
09-24 20:59:40.788 27435 27452 D nativeloader: Extending system_exposed_libraries: libupdateprof.qti.so:libQOC.qti.so:libdiag_system.qti.so:libqape.qti.so:libqesdk_ndk_platform.qti.so:liblistenjni.qti.so
09-24 20:59:40.788  1645  1985 I AppsFilter: interaction: PackageSetting{b7582be com.netvpn/10605} -> PackageSetting{5844cad com.android.cts.priv.ctsshim/10413} BLOCKED
09-24 20:59:40.788  1645  1985 I AppsFilter: interaction: PackageSetting{b7582be com.netvpn/10605} -> PackageSetting{ef8bf8f com.android.theme.icon.leaf/10217} BLOCKED
09-24 20:59:40.789  1645  1985 I AppsFilter: interaction: PackageSetting{b7582be com.netvpn/10605} -> PackageSetting{1e1521c com.android.theme.icon.meow/10218} BLOCKED
09-24 20:59:40.789 27435 27452 D ApplicationLoaders: Returning zygote-cached class loader: /system_ext/framework/androidx.window.extensions.jar
09-24 20:59:40.789 27435 27452 D ApplicationLoaders: Returning zygote-cached class loader: /system_ext/framework/androidx.window.sidecar.jar
09-24 20:59:40.790  1645  1985 I AppsFilter: interaction: PackageSetting{b7582be com.netvpn/10605} -> PackageSetting{6566a30 com.google.android.youtube/10546} BLOCKED
09-24 20:59:40.791  1645  1985 I AppsFilter: interaction: PackageSetting{b7582be com.netvpn/10605} -> PackageSetting{84606a9 com.android.uwb.resources/10418} BLOCKED
09-24 20:59:40.791 27435 27452 W com.netvpn: Loading /data/app/~~PKhMlqo6X5D7ITI_I21how==/com.google.android.gms-d661gzCtukkqr0k28QPuSA==/oat/arm64/base.odex non-executable as it requires an image which we failed to load
09-24 20:59:40.792  1645  1985 I AppsFilter: interaction: PackageSetting{b7582be com.netvpn/10605} -> PackageSetting{70f07a1 com.android.internal.display.cutout.emulation.corner/10096} BLOCKED
09-24 20:59:40.793  1645  1985 I AppsFilter: interaction: PackageSetting{b7582be com.netvpn/10605} -> PackageSetting{ef37cdd com.android.theme.font.storopia/10140} BLOCKED
09-24 20:59:40.794  1645  1985 I AppsFilter: interaction: PackageSetting{b7582be com.netvpn/10605} -> PackageSetting{da5b052 com.android.internal.display.cutout.emulation.double/10095} BLOCKED
09-24 20:59:40.794 27435 27452 D nativeloader: Configuring clns-10 for other apk /data/app/~~PKhMlqo6X5D7ITI_I21how==/com.google.android.gms-d661gzCtukkqr0k28QPuSA==/base.apk. target_sdk_version=36, uses_libraries=, library_path=/data/app/~~PKhMlqo6X5D7ITI_I21how==/com.google.android.gms-d661gzCtukkqr0k28QPuSA==/lib/arm64:/data/app/~~PKhMlqo6X5D7ITI_I21how==/com.google.android.gms-d661gzCtukkqr0k28QPuSA==/base.apk!/lib/arm64-v8a, permitted_path=/data:/mnt/expand:/data/user/0/com.google.android.gms
09-24 20:59:40.794  1645  1985 I AppsFilter: interaction: PackageSetting{b7582be com.netvpn/10605} -> PackageSetting{cb13f23 com.android.theme.font.sansserif/10457} BLOCKED
09-24 20:59:40.795  1645  1985 I AppsFilter: interaction: PackageSetting{b7582be com.netvpn/10605} -> PackageSetting{c6bc20 com.android.theme.icon_pack.nostalgic.themepicker/10471} BLOCKED
09-24 20:59:40.797  1645  1985 I AppsFilter: interaction: PackageSetting{b7582be com.netvpn/10605} -> PackageSetting{2b009d9 com.android.theme.lockscreen_clock_font.bunnyrabbits/10026} BLOCKED
09-24 20:59:40.797  1645  1985 I AppsFilter: interaction: PackageSetting{b7582be com.netvpn/10605} -> PackageSetting{e404763 com.rifsxd.ksunext/10366} BLOCKED
09-24 20:59:40.797  1645  1985 I AppsFilter: interaction: PackageSetting{b7582be com.netvpn/10605} -> PackageSetting{14eaa7f com.android.theme.icon_pack.outline.settings/10185} BLOCKED
09-24 20:59:40.798  1645  1985 I AppsFilter: interaction: PackageSetting{b7582be com.netvpn/10605} -> PackageSetting{20e6a95 com.android.theme.icon.pebble/10220} BLOCKED
09-24 20:59:40.798  1645  1985 I AppsFilter: interaction: PackageSetting{b7582be com.netvpn/10605} -> PackageSetting{9d0ec19 com.android.healthconnect.controller/10536} BLOCKED
09-24 20:59:40.800  1645  1985 I AppsFilter: interaction: PackageSetting{b7582be com.netvpn/10605} -> PackageSetting{5b81b11 com.android.system.navbar.android/10240} BLOCKED
09-24 20:59:40.800  1645  1985 I AppsFilter: interaction: PackageSetting{b7582be com.netvpn/10605} -> PackageSetting{8fb30d5 com.google.android.apps.googleassistant/10353} BLOCKED
09-24 20:59:40.801  1645  1985 I AppsFilter: interaction: PackageSetting{b7582be com.netvpn/10605} -> PackageSetting{d5cc6e4 com.android.theme.lockscreen_clock_font.cfonetwotrees/10027} BLOCKED
09-24 20:59:40.802  1645  1985 I AppsFilter: interaction: PackageSetting{b7582be com.netvpn/10605} -> PackageSetting{9003713 com.android.theme.icon_pack.xperia.settings/10209} BLOCKED
09-24 20:59:40.802  1645  1985 I AppsFilter: interaction: PackageSetting{b7582be com.netvpn/10605} -> PackageSetting{1916d50 com.android.theme.lockscreen_clock_font.alphawood/10018} BLOCKED
09-24 20:59:40.803  1645  1985 I AppsFilter: interaction: PackageSetting{b7582be com.netvpn/10605} -> PackageSetting{61a1b49 com.android.theme.icon_pack.gradicon.android/10169} BLOCKED
09-24 20:59:40.803  1645  1985 I AppsFilter: interaction: PackageSetting{b7582be com.netvpn/10605} -> PackageSetting{e40c4e com.android.theme.lockscreen_clock_font.standardheader/10088} BLOCKED
09-24 20:59:40.804  1645  1985 I AppsFilter: interaction: PackageSetting{b7582be com.netvpn/10605} -> PackageSetting{6280e7c com.android.theme.lockscreen_clock_font.alphaflowers/10015} BLOCKED
09-24 20:59:40.804  1645  1985 I AppsFilter: interaction: PackageSetting{b7582be com.netvpn/10605} -> PackageSetting{3602305 com.android.theme.icon.scroll/10477} BLOCKED
09-24 20:59:40.805  1645  1985 I AppsFilter: interaction: PackageSetting{b7582be com.netvpn/10605} -> PackageSetting{d259668 com.android.theme.icon.square/10222} BLOCKED
09-24 20:59:40.805  1645  1985 I AppsFilter: interaction: PackageSetting{b7582be com.netvpn/10605} -> PackageSetting{74b0551 com.google.android.onetimeinitializer/10351} BLOCKED
09-24 20:59:40.806  1645  1985 I AppsFilter: interaction: PackageSetting{b7582be com.netvpn/10605} -> PackageSetting{215feb7 com.android.health.connect.backuprestore/10537} BLOCKED
09-24 20:59:40.806  1645  1985 I AppsFilter: interaction: PackageSetting{b7582be com.netvpn/10605} -> PackageSetting{d81cf53 com.android.virtualmachine.res/10533} BLOCKED
09-24 20:59:40.807  1645  1985 I AppsFilter: interaction: PackageSetting{b7582be com.netvpn/10605} -> PackageSetting{1f1b114 com.android.theme.icon_pack.nostalgic.systemui/10470} BLOCKED
09-24 20:59:40.807  1645  1985 I AppsFilter: interaction: PackageSetting{b7582be com.netvpn/10605} -> PackageSetting{154adbd com.android.managedprovisioning.auto_generated_rro_product__/10237} BLOCKED
09-24 20:59:40.808  1645  1985 I AppsFilter: interaction: PackageSetting{b7582be com.netvpn/10605} -> PackageSetting{b2bbfb2 com.android.theme.icon.vessel/10227} BLOCKED
09-24 20:59:40.808  1645  1985 I AppsFilter: interaction: PackageSetting{b7582be com.netvpn/10605} -> PackageSetting{bb50b03 org.omnirom.omnijaws.auto_generated_rro_product__/10259} BLOCKED
09-24 20:59:40.809  1645  1985 I AppsFilter: interaction: PackageSetting{b7582be com.netvpn/10605} -> PackageSetting{7d00daf com.mercadopago.wallet/10455} BLOCKED
09-24 20:59:40.809  1645  1985 I AppsFilter: interaction: PackageSetting{b7582be com.netvpn/10605} -> PackageSetting{7a368b9 com.nikgapps.overlay.sounds/10255} BLOCKED
09-24 20:59:40.810  1645  1985 I AppsFilter: interaction: PackageSetting{b7582be com.netvpn/10605} -> PackageSetting{29224fe com.android.theme.icon_pack.victor.settings/10207} BLOCKED
09-24 20:59:40.810  1645  1985 I AppsFilter: interaction: PackageSetting{b7582be com.netvpn/10605} -> PackageSetting{ca0eac com.android.theme.icon_pack.acherus.systemui/10156} BLOCKED
09-24 20:59:40.810  1645  1985 I AppsFilter: interaction: PackageSetting{b7582be com.netvpn/10605} -> PackageSetting{c1b55bc app.grapheneos.camera/10505} BLOCKED
09-24 20:59:40.811  1645  1985 I AppsFilter: interaction: PackageSetting{b7582be com.netvpn/10605} -> PackageSetting{2a2d77b com.android.theme.icon_pack.rounded.systemui/10197} BLOCKED
09-24 20:59:40.812  1645  1985 I AppsFilter: interaction: PackageSetting{b7582be com.netvpn/10605} -> PackageSetting{1c75f1 com.android.theme.icon_pack.pui.settings/10192} BLOCKED
09-24 20:59:40.813  1645  1985 I AppsFilter: interaction: PackageSetting{b7582be com.netvpn/10605} -> PackageSetting{173d5d6 com.android.theme.lockscreen_clock_font.crackman/10034} BLOCKED
09-24 20:59:40.813  1645  1985 I AppsFilter: interaction: PackageSetting{b7582be com.netvpn/10605} -> PackageSetting{2fd7057 com.android.theme.icon.taperedrect/10224} BLOCKED
09-24 20:59:40.814  1645  1985 I AppsFilter: interaction: PackageSetting{b7582be com.netvpn/10605} -> PackageSetting{871802d com.android.theme.icon_pack.oos.android/10178} BLOCKED
09-24 20:59:40.814  1645  1985 I AppsFilter: interaction: PackageSetting{b7582be com.netvpn/10605} -> PackageSetting{7febaf3 com.android.theme.lockscreen_clock_font.storopia/10086} BLOCKED
09-24 20:59:40.815  1645  1985 I AppsFilter: interaction: PackageSetting{b7582be com.netvpn/10605} -> PackageSetting{f5dd3b0 com.android.systemui.signalNothingDot/10257} BLOCKED
09-24 20:59:40.816  1645  1985 I AppsFilter: interaction: PackageSetting{b7582be com.netvpn/10605} -> PackageSetting{80fc9ae com.android.theme.font.nokiapure/10125} BLOCKED
09-24 20:59:40.817  1645  1985 I AppsFilter: interaction: PackageSetting{b7582be com.netvpn/10605} -> PackageSetting{a94956b com.android.theme.icon_pack.oos.settings/10179} BLOCKED
09-24 20:59:40.817  1645  1985 I AppsFilter: interaction: PackageSetting{b7582be com.netvpn/10605} -> PackageSetting{ced3343 com.android.htmlviewer/10335} BLOCKED
09-24 20:59:40.818  1645  1985 I AppsFilter: interaction: PackageSetting{b7582be com.netvpn/10605} -> PackageSetting{37f8be2 com.whatsapp/10449} BLOCKED
09-24 20:59:40.818  1645  1985 I AppsFilter: interaction: PackageSetting{b7582be com.netvpn/10605} -> PackageSetting{50b6086 com.android.theme.lockscreen_clock_font.znikomitno24/10090} BLOCKED
09-24 20:59:40.819  1645  1985 I AppsFilter: interaction: PackageSetting{b7582be com.netvpn/10605} -> PackageSetting{45fce9d com.android.theme.lockscreen_clock_font.plantsletters/10071} BLOCKED
09-24 20:59:40.820  1645  1985 I AppsFilter: interaction: PackageSetting{b7582be com.netvpn/10605} -> PackageSetting{39ea054 nu.gpu.nagram/10474} BLOCKED
09-24 20:59:40.820  1645  1985 I AppsFilter: interaction: PackageSetting{b7582be com.netvpn/10605} -> PackageSetting{acc46e3 com.android.theme.lockscreen_clock_font.roundheads/10079} BLOCKED
09-24 20:59:40.821  1645  1985 I AppsFilter: interaction: PackageSetting{b7582be com.netvpn/10605} -> PackageSetting{d2588e0 com.custom.overlay.systemui.wifiFaintUI/10106} BLOCKED
09-24 20:59:40.822  1645  1985 I AppsFilter: interaction: PackageSetting{b7582be com.netvpn/10605} -> PackageSetting{5efb799 android.overlay.moto.common/10309} BLOCKED
09-24 20:59:40.822  1645  1985 I AppsFilter: interaction: PackageSetting{b7582be com.netvpn/10605} -> PackageSetting{a57fa5e com.android.theme.font.comfortaa/10114} BLOCKED
09-24 20:59:40.823  1645  1985 I AppsFilter: interaction: PackageSetting{b7582be com.netvpn/10605} -> PackageSetting{8726e3f lineageos.platform.auto_generated_rro_vendor__/10306} BLOCKED
09-24 20:59:40.824  1645  1985 I AppsFilter: interaction: PackageSetting{b7582be com.netvpn/10605} -> PackageSetting{c25c09f com.coderstory.toolkit/10465} BLOCKED
09-24 20:59:40.825  1645  1985 I AppsFilter: interaction: PackageSetting{b7582be com.netvpn/10605} -> PackageSetting{da55e6a org.lineageos.lineageparts.auto_generated_rro_product__/10234} BLOCKED
09-24 20:59:40.825  1645  1985 I AppsFilter: interaction: PackageSetting{b7582be com.netvpn/10605} -> PackageSetting{cb99b73 com.android.messaging/10384} BLOCKED
09-24 20:59:40.826  1645  1985 I AppsFilter: interaction: PackageSetting{b7582be com.netvpn/10605} -> PackageSetting{a8f93f8 com.android.theme.icon_pack.outline.systemui/10186} BLOCKED
09-24 20:59:40.827  1645  1985 I AppsFilter: interaction: PackageSetting{b7582be com.netvpn/10605} -> PackageSetting{54e973c com.android.systemui.auto_generated_rro_product__/10282} BLOCKED
09-24 20:59:40.827  1645  1985 I AppsFilter: interaction: PackageSetting{b7582be com.netvpn/10605} -> PackageSetting{40a361a com.android.theme.font.comicsans/10115} BLOCKED
09-24 20:59:40.828  1645  1985 I AppsFilter: interaction: PackageSetting{b7582be com.netvpn/10605} -> PackageSetting{ec8b316 com.google.android.soundpicker/10376} BLOCKED
09-24 20:59:40.829  1645  1985 I AppsFilter: interaction: PackageSetting{b7582be com.netvpn/10605} -> PackageSetting{ca98041 com.android.theme.icon_pack.rounded.android/10193} BLOCKED
09-24 20:59:40.830  1645  1985 I AppsFilter: interaction: PackageSetting{b7582be com.netvpn/10605} -> PackageSetting{7aacb27 io.chaldeaprjkt.gamespace.auto_generated_rro_product__/10146} BLOCKED
09-24 20:59:40.830  1645  1985 I AppsFilter: interaction: PackageSetting{b7582be com.netvpn/10605} -> PackageSetting{370469 com.discord/10426} BLOCKED
09-24 20:59:40.831  1645  1985 I AppsFilter: interaction: PackageSetting{b7582be com.netvpn/10605} -> PackageSetting{1887bcf me.zhanghai.android.files/10645} BLOCKED
09-24 20:59:40.831  1645  1985 I AppsFilter: interaction: PackageSetting{b7582be com.netvpn/10605} -> PackageSetting{2016e72 com.android.theme.font.amarante/10110} BLOCKED
09-24 20:59:40.832  1645  1985 I AppsFilter: interaction: PackageSetting{b7582be com.netvpn/10605} -> PackageSetting{86ef2c3 com.android.theme.icon_pack.xperia.systemui/10208} BLOCKED
09-24 20:59:40.833  1645  1985 I AppsFilter: interaction: PackageSetting{b7582be com.netvpn/10605} -> PackageSetting{b06f740 com.android.theme.font.aclonica/10109} BLOCKED
09-24 20:59:40.834  1645  1985 I AppsFilter: interaction: PackageSetting{b7582be com.netvpn/10605} -> PackageSetting{31d8135 com.nikgapps.overlay.ais/10120} BLOCKED
09-24 20:59:40.834  1645  1985 I AppsFilter: interaction: PackageSetting{b7582be com.netvpn/10605} -> PackageSetting{4ec59ca org.lineageos.lineagesettings.auto_generated_rro_product__/10235} BLOCKED
09-24 20:59:40.835  1645  1985 I AppsFilter: interaction: PackageSetting{b7582be com.netvpn/10605} -> PackageSetting{ca46e58 com.android.theme.lockscreen_clock_font.scrapitup/10082} BLOCKED
09-24 20:59:40.836  1645  1985 I AppsFilter: interaction: PackageSetting{b7582be com.netvpn/10605} -> PackageSetting{bb1fbb1 com.android.theme.lockscreen_clock_font.oneplussans/10066} BLOCKED
09-24 20:59:40.836  1645  1985 I AppsFilter: interaction: PackageSetting{b7582be com.netvpn/10605} -> PackageSetting{15e4896 com.android.theme.lockscreen_clock_font.accuratist/10010} BLOCKED
09-24 20:59:40.837  1645  1985 I AppsFilter: interaction: PackageSetting{b7582be com.netvpn/10605} -> PackageSetting{946cc17 com.custom.overlay.systemui.signalFaintUI/10105} BLOCKED
09-24 20:59:40.837  1645  1985 I AppsFilter: interaction: PackageSetting{b7582be com.netvpn/10605} -> PackageSetting{61e1804 com.android.theme.font.nothingdotheadline/10127} BLOCKED
09-24 20:59:40.837  1645  1985 I AppsFilter: interaction: PackageSetting{b7582be com.netvpn/10605} -> PackageSetting{6faa342 xyz.easypro.httpcustom/10643} BLOCKED
09-24 20:59:40.838  1645  1985 I AppsFilter: interaction: PackageSetting{b7582be com.netvpn/10605} -> PackageSetting{b2e5822 com.android.theme.icon_pack.victor.systemui/10206} BLOCKED
09-24 20:59:40.839  1645  1985 I AppsFilter: interaction: PackageSetting{b7582be com.netvpn/10605} -> PackageSetting{1b6fe9 com.android.system.qs.reflected/10489} BLOCKED
09-24 20:59:40.840  1645  1985 I AppsFilter: interaction: PackageSetting{b7582be com.netvpn/10605} -> PackageSetting{6bda5ec com.wastickerapps.stickerstore/10442} BLOCKED
09-24 20:59:40.841  1645  1985 I AppsFilter: interaction: PackageSetting{b7582be com.netvpn/10605} -> PackageSetting{23221a5 com.android.theme.icon_pack.pui.systemui/10190} BLOCKED
09-24 20:59:40.841  1645  1985 I AppsFilter: interaction: PackageSetting{b7582be com.netvpn/10605} -> PackageSetting{36c97a com.custom.overlay.systemui.wifiForlorn/10144} BLOCKED
09-24 20:59:40.842  1645  1985 I AppsFilter: interaction: PackageSetting{b7582be com.netvpn/10605} -> PackageSetting{713252b com.android.theme.lockscreen_clock_font.easterbunny/10039} BLOCKED
09-24 20:59:40.842  1645  1985 I AppsFilter: interaction: PackageSetting{b7582be com.netvpn/10605} -> PackageSetting{baeeb11 com.sec.android.daemonapp/10598} BLOCKED
09-24 20:59:40.843  1645  1985 I AppsFilter: interaction: PackageSetting{b7582be com.netvpn/10605} -> PackageSetting{cd80346 com.android.theme.lockscreen_clock_font.cookierun/10031} BLOCKED
09-24 20:59:40.843  1645  1985 I AppsFilter: interaction: PackageSetting{b7582be com.netvpn/10605} -> PackageSetting{71ce907 com.android.theme.lockscreen_clock_font.acfilmstrip/10009} BLOCKED
09-24 20:59:40.844  1645  1985 I AppsFilter: interaction: PackageSetting{b7582be com.netvpn/10605} -> PackageSetting{ac4ba77 com.google.ar.core/10432} BLOCKED
09-24 20:59:40.845  1645  1985 I AppsFilter: interaction: PackageSetting{b7582be com.netvpn/10605} -> PackageSetting{59dd6e4 com.android.safetycenter.resources/10420} BLOCKED
09-24 20:59:40.846  1645  1985 I AppsFilter: interaction: PackageSetting{b7582be com.netvpn/10605} -> PackageSetting{4d37d50 com.android.simappdialog/10339} BLOCKED
09-24 20:59:40.846  1645  1985 I AppsFilter: interaction: PackageSetting{b7582be com.netvpn/10605} -> PackageSetting{d3e351e com.android.theme.lockscreen_clock_font.lmsclifford/10054} BLOCKED
09-24 20:59:40.847  1645  1985 I AppsFilter: interaction: PackageSetting{b7582be com.netvpn/10605} -> PackageSetting{adff1ff com.android.theme.lockscreen_clock_font.budmojiggler/10022} BLOCKED
09-24 20:59:40.848  1645  1985 I AppsFilter: interaction: PackageSetting{b7582be com.netvpn/10605} -> PackageSetting{2a7be15 org.protonaosp.deviceconfig.auto_generated_rro_product__/10273} BLOCKED
09-24 20:59:40.849  1645  1985 I AppsFilter: interaction: PackageSetting{b7582be com.netvpn/10605} -> PackageSetting{694852a com.android.theme.lockscreen_clock_font.coolstory/10036} BLOCKED
09-24 20:59:40.849  1645  1985 I AppsFilter: interaction: PackageSetting{b7582be com.netvpn/10605} -> PackageSetting{64baf1b com.android.theme.font.harmonysans/10122} BLOCKED
09-24 20:59:40.850  1645  1985 I AppsFilter: interaction: PackageSetting{b7582be com.netvpn/10605} -> PackageSetting{775f8b8 com.android.theme.icon_pack.oos.systemui/10181} BLOCKED
09-24 20:59:40.850  1645  1985 I AppsFilter: interaction: PackageSetting{b7582be com.netvpn/10605} -> PackageSetting{496c114 org.omnirom.omnistyle/10515} BLOCKED
09-24 20:59:40.852  1645  1985 I AppsFilter: interaction: PackageSetting{b7582be com.netvpn/10605} -> PackageSetting{6729acd android.overlay.corfur/10307} BLOCKED
09-24 20:59:40.852  1645  1985 I AppsFilter: interaction: PackageSetting{b7582be com.netvpn/10605} -> PackageSetting{2295b03 com.android.connectivity.resources/10415} BLOCKED
09-24 20:59:40.852  1645  1985 I AppsFilter: interaction: PackageSetting{b7582be com.netvpn/10605} -> PackageSetting{9b6e693 com.android.theme.lockscreen_clock_font.amarante/10017} BLOCKED
09-24 20:59:40.853  1645  1985 I AppsFilter: interaction: PackageSetting{b7582be com.netvpn/10605} -> PackageSetting{5d326d0 com.android.theme.lockscreen_clock_font.grandhotel/10046} BLOCKED
09-24 20:59:40.853  1645  1985 I AppsFilter: interaction: PackageSetting{b7582be com.netvpn/10605} -> PackageSetting{59b16c9 com.android.internal.display.cutout.emulation.hole/10098} BLOCKED
09-24 20:59:40.854  1645  1985 I AppsFilter: interaction: PackageSetting{b7582be com.netvpn/10605} -> PackageSetting{c7021ce com.android.internal.display.cutout.emulation.tall/10097} BLOCKED
09-24 20:59:40.854  1645  1985 I AppsFilter: interaction: PackageSetting{b7582be com.netvpn/10605} -> PackageSetting{95f58ef com.android.systemui.wifiGradicon/10151} BLOCKED
09-24 20:59:40.855  1645  1985 I AppsFilter: interaction: PackageSetting{b7582be com.netvpn/10605} -> PackageSetting{28bdffc com.custom.overlay.systemui.gestural.long/10148} BLOCKED
09-24 20:59:40.855  1645  1985 I AppsFilter: interaction: PackageSetting{b7582be com.netvpn/10605} -> PackageSetting{cb55685 com.android.theme.lockscreen_clock_font.aclonica/10012} BLOCKED
09-24 20:59:40.856  1645  1985 I AppsFilter: interaction: PackageSetting{b7582be com.netvpn/10605} -> PackageSetting{9708cda com.android.networkstack.overlay/10260} BLOCKED
09-24 20:59:40.856  1645  1985 I AppsFilter: interaction: PackageSetting{b7582be com.netvpn/10605} -> PackageSetting{a72950b org.lineageos.glimpse.frameworksbaseoverlay/10462} BLOCKED
09-24 20:59:40.856  1645  1985 I AppsFilter: interaction: PackageSetting{b7582be com.netvpn/10605} -> PackageSetting{9daa775 com.android.modulemetadata/10377} BLOCKED
09-24 20:59:40.857  1645  1985 I AppsFilter: interaction: PackageSetting{b7582be com.netvpn/10605} -> PackageSetting{83376e7 com.android.theme.icon_pack.nostalgic.launcher/10464} BLOCKED
09-24 20:59:40.858  1645  1985 I AppsFilter: interaction: PackageSetting{b7582be com.netvpn/10605} -> PackageSetting{9ce3294 com.android.theme.icon_pack.lorn.android/10176} BLOCKED
09-24 20:59:40.858  1645  1985 I AppsFilter: interaction: PackageSetting{b7582be com.netvpn/10605} -> PackageSetting{2acd13d com.android.internal.systemui.navbar.threebutton/10251} BLOCKED
09-24 20:59:40.859  1645  1985 I AppsFilter: interaction: PackageSetting{b7582be com.netvpn/10605} -> PackageSetting{5b77998 com.google.android.apps.work.oobconfig/10301} BLOCKED
09-24 20:59:40.859  1645  1985 I AppsFilter: interaction: PackageSetting{b7582be com.netvpn/10605} -> PackageSetting{9bb45f1 com.android.wifi.dialog/10425} BLOCKED
09-24 20:59:40.860  1645  1985 I AppsFilter: interaction: PackageSetting{b7582be com.netvpn/10605} -> PackageSetting{f86e4c1 org.lsposed.manager/10600} BLOCKED
09-24 20:59:40.860  1645  1985 I AppsFilter: interaction: PackageSetting{b7582be com.netvpn/10605} -> PackageSetting{914eaa2 com.instaprime.android/10580} BLOCKED
09-24 20:59:40.861  1645  1985 I AppsFilter: interaction: PackageSetting{b7582be com.netvpn/10605} -> PackageSetting{ebe5bdf com.nikgapps.overlay.gmscore/10253} BLOCKED
09-24 20:59:40.862  1645  1985 I AppsFilter: interaction: PackageSetting{b7582be com.netvpn/10605} -> PackageSetting{e40c057 ru.mike.updatelocker/10532} BLOCKED
09-24 20:59:40.862  1645  1985 I AppsFilter: interaction: PackageSetting{b7582be com.netvpn/10605} -> PackageSetting{ea32f67 com.android.contacts/10357} BLOCKED
09-24 20:59:40.863  1645  1985 I AppsFilter: interaction: PackageSetting{b7582be com.netvpn/10605} -> PackageSetting{9d6d6fb com.android.theme.lockscreen_clock_font.betsyflanagan/10020} BLOCKED
09-24 20:59:40.864  1645  1985 I AppsFilter: interaction: PackageSetting{b7582be com.netvpn/10605} -> PackageSetting{b234171 com.custom.overlay.systemui.signalForlorn/10143} BLOCKED
09-24 20:59:40.864  1645  1985 I AppsFilter: interaction: PackageSetting{b7582be com.netvpn/10605} -> PackageSetting{52d502d org.lineageos.recorder/10370} BLOCKED
09-24 20:59:40.864  1645  1985 I AppsFilter: interaction: PackageSetting{b7582be com.netvpn/10605} -> PackageSetting{631e7d7 com.android.theme.icon_pack.acherus.launcher/10154} BLOCKED
09-24 20:59:40.865  1645  1985 I AppsFilter: interaction: PackageSetting{b7582be com.netvpn/10605} -> PackageSetting{f2d68c4 com.android.theme.lockscreen_clock_font.lato/10055} BLOCKED
09-24 20:59:40.865  1645  1985 I AppsFilter: interaction: PackageSetting{b7582be com.netvpn/10605} -> PackageSetting{7d983ad com.android.theme.lockscreen_clock_font.play/10438} BLOCKED
09-24 20:59:40.866  1645  1985 I AppsFilter: interaction: PackageSetting{b7582be com.netvpn/10605} -> PackageSetting{2c32a73 com.android.theme.icon_pack.rounded.launcher/10195} BLOCKED
09-24 20:59:40.867  1645  1985 I AppsFilter: interaction: PackageSetting{b7582be com.netvpn/10605} -> PackageSetting{37b1e7c com.android.MGC_9_4_103/10392} BLOCKED
09-24 20:59:40.867  1645  1985 I AppsFilter: interaction: PackageSetting{b7582be com.netvpn/10605} -> PackageSetting{37ada9 com.android.systemui.signalbar_aa/10001} BLOCKED
09-24 20:59:40.868  1645  1985 I AppsFilter: interaction: PackageSetting{b7582be com.netvpn/10605} -> PackageSetting{8549f2e com.android.systemui.signalbar_ab/10006} BLOCKED
09-24 20:59:40.868  1645  1985 I AppsFilter: interaction: PackageSetting{b7582be com.netvpn/10605} -> PackageSetting{1bfacf com.android.systemui.signalbar_ac/10092} BLOCKED
09-24 20:59:40.868  1645  1985 I AppsFilter: interaction: PackageSetting{b7582be com.netvpn/10605} -> PackageSetting{d6f0c5c com.android.systemui.signalbar_ad/10094} BLOCKED
09-24 20:59:40.869  1645  1985 I AppsFilter: interaction: PackageSetting{b7582be com.netvpn/10605} -> PackageSetting{9347b65 com.android.systemui.signalbar_ae/10093} BLOCKED
09-24 20:59:40.869  1645  1985 I AppsFilter: interaction: PackageSetting{b7582be com.netvpn/10605} -> PackageSetting{e0f803a com.android.systemui.signalbar_af/10104} BLOCKED
09-24 20:59:40.870  1645  1985 I AppsFilter: interaction: PackageSetting{b7582be com.netvpn/10605} -> PackageSetting{c8774eb com.android.systemui.signalbar_ag/10107} BLOCKED
09-24 20:59:40.870 27435 27435 W com.netvpn: ClassLoaderContext classpath size mismatch. expected=1, found=0 (DLC[];PCL[base.apk*338471939]{PCL[/system/framework/org.apache.http.legacy.jar*4040915056]#PCL[/system/framework/com.android.media.remotedisplay.jar*2706977560]#PCL[/system/framework/com.android.location.provider.jar*2875555746]#PCL[/system_ext/framework/androidx.window.extensions.jar*2086716929]#PCL[/system_ext/framework/androidx.window.sidecar.jar*2328839649]} | DLC[];PCL[])
09-24 20:59:40.870  1645  1985 I AppsFilter: interaction: PackageSetting{b7582be com.netvpn/10605} -> PackageSetting{40e9248 com.android.systemui.signalbar_ah/10152} BLOCKED
09-24 20:59:40.871  1645  1985 I AppsFilter: interaction: PackageSetting{b7582be com.netvpn/10605} -> PackageSetting{67668e1 com.android.systemui.signalbar_ai/10269} BLOCKED
09-24 20:59:40.871  1645  1985 I AppsFilter: interaction: PackageSetting{b7582be com.netvpn/10605} -> PackageSetting{3656606 com.android.systemui.signalbar_aj/10268} BLOCKED
09-24 20:59:40.872  1645  1985 I AppsFilter: interaction: PackageSetting{b7582be com.netvpn/10605} -> PackageSetting{5e674c7 com.android.systemui.signalbar_ak/10270} BLOCKED
09-24 20:59:40.872  1645  1985 I AppsFilter: interaction: PackageSetting{b7582be com.netvpn/10605} -> PackageSetting{39e8af4 com.android.systemui.signalbar_al/10276} BLOCKED
09-24 20:59:40.873  1645  1985 I AppsFilter: interaction: PackageSetting{b7582be com.netvpn/10605} -> PackageSetting{5e1dc92 com.android.systemui.signalbar_am/10285} BLOCKED
09-24 20:59:40.873  1645  1985 I AppsFilter: interaction: PackageSetting{b7582be com.netvpn/10605} -> PackageSetting{d4b9663 com.android.systemui.signalbar_an/10290} BLOCKED
09-24 20:59:40.874  1645  1985 I AppsFilter: interaction: PackageSetting{b7582be com.netvpn/10605} -> PackageSetting{4936260 com.android.systemui.signalbar_ao/10291} BLOCKED
09-24 20:59:40.874  1645  1985 I AppsFilter: interaction: PackageSetting{b7582be com.netvpn/10605} -> PackageSetting{fa5319 com.android.systemui.signalbar_ap/10256} BLOCKED
09-24 20:59:40.874  1645  1985 I AppsFilter: interaction: PackageSetting{b7582be com.netvpn/10605} -> PackageSetting{e3d2fde com.android.systemui.signalbar_aq/10011} BLOCKED
09-24 20:59:40.875  1645  1985 I AppsFilter: interaction: PackageSetting{b7582be com.netvpn/10605} -> PackageSetting{85735bf com.android.systemui.signalbar_ar/10232} BLOCKED
09-24 20:59:40.875  1645  1985 I AppsFilter: interaction: PackageSetting{b7582be com.netvpn/10605} -> PackageSetting{3c448c com.android.systemui.signalbar_as/10238} BLOCKED
09-24 20:59:40.876  1645  1985 I AppsFilter: interaction: PackageSetting{b7582be com.netvpn/10605} -> PackageSetting{6d407d5 com.android.systemui.signalbar_at/10262} BLOCKED
09-24 20:59:40.876  1645  1985 I AppsFilter: interaction: PackageSetting{b7582be com.netvpn/10605} -> PackageSetting{6686bea com.android.systemui.signalbar_au/10266} BLOCKED
09-24 20:59:40.876  1645  1985 I AppsFilter: interaction: PackageSetting{b7582be com.netvpn/10605} -> PackageSetting{c536edb co.aospa.sense.auto_generated_rro_product__/10451} BLOCKED
09-24 20:59:40.877  1645  1985 I AppsFilter: interaction: PackageSetting{b7582be com.netvpn/10605} -> PackageSetting{3af1d78 com.android.theme.lockscreen_clock_font.editpointsfilled/10038} BLOCKED
09-24 20:59:40.877  1645  1985 I AppsFilter: interaction: PackageSetting{b7582be com.netvpn/10605} -> PackageSetting{f5a4c51 com.android.frameworks.core.batterystatsviewer.auto_generated_rro_product__/10431} BLOCKED
09-24 20:59:40.878  1645  1985 I AppsFilter: interaction: PackageSetting{b7582be com.netvpn/10605} -> PackageSetting{4595cb6 com.android.theme.icon_pack.kai.settings/10173} BLOCKED
09-24 20:59:40.878  1645  1985 I AppsFilter: interaction: PackageSetting{b7582be com.netvpn/10605} -> PackageSetting{f101db7 com.android.theme.font.sonysketch/10139} BLOCKED
09-24 20:59:40.879  1645  1985 I AppsFilter: interaction: PackageSetting{b7582be com.netvpn/10605} -> PackageSetting{5749924 com.android.theme.icon_pack.acherus.android/10153} BLOCKED
09-24 20:59:40.881  1645  1985 I AppsFilter: interaction: PackageSetting{b7582be com.netvpn/10605} -> PackageSetting{5968e42 com.android.theme.font.cocon/10113} BLOCKED
09-24 20:59:40.882  1645  1985 I AppsFilter: interaction: PackageSetting{b7582be com.netvpn/10605} -> PackageSetting{9f42390 com.android.theme.font.rubik/10137} BLOCKED
09-24 20:59:40.883  1645  1985 I AppsFilter: interaction: PackageSetting{b7582be com.netvpn/10605} -> PackageSetting{f5e15ab com.deepseek.chat/10582} BLOCKED
09-24 20:59:40.883  1645  1985 I AppsFilter: interaction: PackageSetting{b7582be com.netvpn/10605} -> PackageSetting{80f0caf com.android.settings.auto_generated_rro_vendor__/10311} BLOCKED
09-24 20:59:40.884  1645  1985 I AppsFilter: interaction: PackageSetting{b7582be com.netvpn/10605} -> PackageSetting{4c9c4cb com.android.theme.lockscreen_clock_font.plaidevent/10070} BLOCKED
09-24 20:59:40.884  1645  1985 I AppsFilter: interaction: PackageSetting{b7582be com.netvpn/10605} -> PackageSetting{3e0d4a8 com.android.system.qs.neumorph/10487} BLOCKED
09-24 20:59:40.885  1645  1985 I AppsFilter: interaction: PackageSetting{b7582be com.netvpn/10605} -> PackageSetting{975ebc1 com.android.systemui.signalGradicon/10149} BLOCKED
09-24 20:59:40.885  1645  1985 I AppsFilter: interaction: PackageSetting{b7582be com.netvpn/10605} -> PackageSetting{d505f66 com.custom.overlay.systemui.signalAurora/10005} BLOCKED
09-24 20:59:40.886  1645  1985 I AppsFilter: interaction: PackageSetting{b7582be com.netvpn/10605} -> PackageSetting{bb482fd com.android.theme.font.cagliostro/10112} BLOCKED
09-24 20:59:40.887  1645  1985 I AppsFilter: interaction: PackageSetting{b7582be com.netvpn/10605} -> PackageSetting{5cc0243 com.android.internal.systemui.navbar.twobutton/10250} BLOCKED
09-24 20:59:40.887  1645  1985 I AppsFilter: interaction: PackageSetting{b7582be com.netvpn/10605} -> PackageSetting{35f90c0 com.nikgapps.overlay.googletts/10261} BLOCKED
09-24 20:59:40.887  1645  1985 I AppsFilter: interaction: PackageSetting{b7582be com.netvpn/10605} -> PackageSetting{24b51f9 com.android.systemui.wifibar_a/10279} BLOCKED
09-24 20:59:40.888  1645  1985 I AppsFilter: interaction: PackageSetting{b7582be com.netvpn/10605} -> PackageSetting{ca1f53e com.android.systemui.wifibar_b/10275} BLOCKED
09-24 20:59:40.888  1645  1985 I AppsFilter: interaction: PackageSetting{b7582be com.netvpn/10605} -> PackageSetting{5a27f9f com.android.systemui.wifibar_c/10293} BLOCKED
09-24 20:59:40.889  1645  1985 I AppsFilter: interaction: PackageSetting{b7582be com.netvpn/10605} -> PackageSetting{d0cf8ec com.android.systemui.wifibar_d/10295} BLOCKED
09-24 20:59:40.889  1645  1985 I AppsFilter: interaction: PackageSetting{b7582be com.netvpn/10605} -> PackageSetting{944274a com.android.systemui.wifibar_e/10287} BLOCKED
09-24 20:59:40.889  1645  1985 I AppsFilter: interaction: PackageSetting{b7582be com.netvpn/10605} -> PackageSetting{33976bb com.android.systemui.wifibar_f/10265} BLOCKED
09-24 20:59:40.890  1645  1985 I AppsFilter: interaction: PackageSetting{b7582be com.netvpn/10605} -> PackageSetting{146b7d8 com.android.systemui.wifibar_g/10230} BLOCKED
09-24 20:59:40.890  1645  1985 I AppsFilter: interaction: PackageSetting{b7582be com.netvpn/10605} -> PackageSetting{304731 com.android.systemui.wifibar_h/10002} BLOCKED
09-24 20:59:40.890  1645  1985 I AppsFilter: interaction: PackageSetting{b7582be com.netvpn/10605} -> PackageSetting{b256e16 com.android.systemui.wifibar_i/10288} BLOCKED
09-24 20:59:40.891  1645  1985 I AppsFilter: interaction: PackageSetting{b7582be com.netvpn/10605} -> PackageSetting{17ec397 com.android.systemui.wifibar_j/10103} BLOCKED
09-24 20:59:40.891  1645  1985 I AppsFilter: interaction: PackageSetting{b7582be com.netvpn/10605} -> PackageSetting{5b7984 com.android.theme.lockscreen_clock_font.ampad3d2/10016} BLOCKED
09-24 20:59:40.892  1645  1985 I AppsFilter: interaction: PackageSetting{b7582be com.netvpn/10605} -> PackageSetting{a620233 com.android.theme.icon.roundedhexagon/10219} BLOCKED
09-24 20:59:40.893  1645  1985 I AppsFilter: interaction: PackageSetting{b7582be com.netvpn/10605} -> PackageSetting{ed8a9f0 com.android.theme.icon_pack.xperia.android/10210} BLOCKED
09-24 20:59:40.893  1645  1985 I AppsFilter: interaction: PackageSetting{b7582be com.netvpn/10605} -> PackageSetting{393b18e com.google.android.as/10352} BLOCKED
09-24 20:59:40.894  1645  1985 I AppsFilter: interaction: PackageSetting{b7582be com.netvpn/10605} -> PackageSetting{ad429ee com.android.theme.icon_pack.outline.launcher/10184} BLOCKED
09-24 20:59:40.895  1645  1985 I AppsFilter: interaction: PackageSetting{b7582be com.netvpn/10605} -> PackageSetting{ab6751c com.android.theme.font.oneplusslate/10131} BLOCKED
09-24 20:59:40.895  1645  1985 I AppsFilter: interaction: PackageSetting{b7582be com.netvpn/10605} -> PackageSetting{7069525 com.android.theme.icon_pack.sam.settings/10201} BLOCKED
09-24 20:59:40.896  1645  1985 I AppsFilter: interaction: PackageSetting{b7582be com.netvpn/10605} -> PackageSetting{c6fa3f8 com.android.settings.intelligence/10364} BLOCKED
09-24 20:59:40.897  1645  1985 I AppsFilter: interaction: PackageSetting{b7582be com.netvpn/10605} -> PackageSetting{743c708 com.android.theme.lockscreen_clock_font.oneplusslate/10067} BLOCKED
09-24 20:59:40.898  1645  1985 I AppsFilter: interaction: PackageSetting{b7582be com.netvpn/10605} -> PackageSetting{98660f2 dev.epro.ssc/10634} BLOCKED
09-24 20:59:40.898  1645  1985 I AppsFilter: interaction: PackageSetting{b7582be com.netvpn/10605} -> PackageSetting{f01c087 com.android.system.navbar.asus/10241} BLOCKED
09-24 20:59:40.898  1645  1985 I AppsFilter: interaction: PackageSetting{b7582be com.netvpn/10605} -> PackageSetting{bd24bb4 com.android.system.navbar.dora/10242} BLOCKED
09-24 20:59:40.899  1645  1985 I AppsFilter: interaction: PackageSetting{b7582be com.netvpn/10605} -> PackageSetting{cd343dd com.android.system.navbar.moto/10243} BLOCKED
09-24 20:59:40.900  1645  1985 I AppsFilter: interaction: PackageSetting{b7582be com.netvpn/10605} -> PackageSetting{92fde23 com.android.theme.icon_pack.kai.themepicker/10175} BLOCKED
09-24 20:59:40.900  1645  1985 I AppsFilter: interaction: PackageSetting{b7582be com.netvpn/10605} -> PackageSetting{c4540d9 com.android.theme.font.fifa2018/10119} BLOCKED
09-24 20:59:40.901  1645  1985 I AppsFilter: interaction: PackageSetting{b7582be com.netvpn/10605} -> PackageSetting{414ea9e com.android.theme.icon.heart/10216} BLOCKED
09-24 20:59:40.901  1645  1985 I AppsFilter: interaction: PackageSetting{b7582be com.netvpn/10605} -> PackageSetting{98397f com.android.theme.font.nothingdot/10126} BLOCKED
09-24 20:59:40.901  1645  1985 I AppsFilter: interaction: PackageSetting{b7582be com.netvpn/10605} -> PackageSetting{d0d2bfa com.esmoviecine.movie_es/10642} BLOCKED
09-24 20:59:40.902  1645  1985 I AppsFilter: interaction: PackageSetting{b7582be com.netvpn/10605} -> PackageSetting{5401195 org.lineageos.setupwizard.auto_generated_rro_product__/10236} BLOCKED
09-24 20:59:40.903  1645  1985 I AppsFilter: interaction: PackageSetting{b7582be com.netvpn/10605} -> PackageSetting{ee9b com.nikgapps.overlay.settingsintelligence/10048} BLOCKED
09-24 20:59:40.903  1645  1985 I AppsFilter: interaction: PackageSetting{b7582be com.netvpn/10605} -> PackageSetting{7dd3211 com.android.theme.icon_pack.victor.launcher/10205} BLOCKED
09-24 20:59:40.904  1645  1985 I AppsFilter: interaction: PackageSetting{b7582be com.netvpn/10605} -> PackageSetting{c8ee0c2 com.android.printspooler/10341} BLOCKED
09-24 20:59:40.904  1645  1985 I AppsFilter: interaction: PackageSetting{b7582be com.netvpn/10605} -> PackageSetting{97a09e4 com.android.providers.settings.overlay.corfur/10312} BLOCKED
09-24 20:59:40.905  1645  1985 I AppsFilter: interaction: PackageSetting{b7582be com.netvpn/10605} -> PackageSetting{251de4d com.android.emergency.auto_generated_rro_product__/10102} BLOCKED
09-24 20:59:40.905  1645  1985 I AppsFilter: interaction: PackageSetting{b7582be com.netvpn/10605} -> PackageSetting{b254d02 com.android.theme.icon_pack.filled.settings/10166} BLOCKED
09-24 20:59:40.906  1645  1985 I AppsFilter: interaction: PackageSetting{b7582be com.netvpn/10605} -> PackageSetting{c6efa10 com.android.dreams.basic/10340} BLOCKED
09-24 20:59:40.906  1645  1985 I AppsFilter: interaction: PackageSetting{b7582be com.netvpn/10605} -> PackageSetting{6eb1249 com.android.theme.icon_pack.pui.launcher/10188} BLOCKED
09-24 20:59:40.906  1645  1985 I AppsFilter: interaction: PackageSetting{b7582be com.netvpn/10605} -> PackageSetting{f1f374e com.android.providers.settings.auto_generated_rro_product__/10271} BLOCKED
09-24 20:59:40.907  1645  1985 I AppsFilter: interaction: PackageSetting{b7582be com.netvpn/10605} -> PackageSetting{3d18909 com.google.android.as.oss/10304} BLOCKED
09-24 20:59:40.907  1645  1985 I AppsFilter: interaction: PackageSetting{b7582be com.netvpn/10605} -> PackageSetting{a4ab17c com.android.theme.icon_pack.kai.systemui/10174} BLOCKED
09-24 20:59:40.907  1645  1985 I AppsFilter: interaction: PackageSetting{b7582be com.netvpn/10605} -> PackageSetting{5c98a05 com.android.theme.font.reemkufi/10132} BLOCKED
09-24 20:59:40.908  1645  1985 I AppsFilter: interaction: PackageSetting{b7582be com.netvpn/10605} -> PackageSetting{3bb7a5a com.android.theme.lockscreen_clock_font.kgonlyhope/10051} BLOCKED
09-24 20:59:40.908  1645  1985 I AppsFilter: interaction: PackageSetting{b7582be com.netvpn/10605} -> PackageSetting{1b6b48b com.custom.overlay.systemui.signalPlumpy/10263} BLOCKED
09-24 20:59:40.909  1645  1985 I AppsFilter: interaction: PackageSetting{b7582be com.netvpn/10605} -> PackageSetting{aeeb52f com.android.rkpdapp/10539} BLOCKED
09-24 20:59:40.910  1645  1985 I AppsFilter: interaction: PackageSetting{b7582be com.netvpn/10605} -> PackageSetting{ca3f4bd com.android.theme.icon_pack.oos.launcher/10180} BLOCKED
09-24 20:59:40.912  1645  1985 I AppsFilter: interaction: PackageSetting{b7582be com.netvpn/10605} -> PackageSetting{a99fe75 com.android.theme.icon.stretched/10226} BLOCKED
09-24 20:59:40.912  1645  1985 I AppsFilter: interaction: PackageSetting{b7582be com.netvpn/10605} -> PackageSetting{2972e0a com.android.theme.icon_pack.oos.themepicker/10182} BLOCKED
09-24 20:59:40.913  1645  1985 I AppsFilter: interaction: PackageSetting{b7582be com.netvpn/10605} -> PackageSetting{c990cf1 com.android.theme.icon_pack.circular.settings/10161} BLOCKED
09-24 20:59:40.913  1645  1985 I AppsFilter: interaction: PackageSetting{b7582be com.netvpn/10605} -> PackageSetting{28220d6 com.android.theme.icon_pack.outline.android/10183} BLOCKED
09-24 20:59:40.914  1645  1985 I AppsFilter: interaction: PackageSetting{b7582be com.netvpn/10605} -> PackageSetting{df34cdd com.adobe.scan.android/10501} BLOCKED
09-24 20:59:40.914  1645  1985 I AppsFilter: interaction: PackageSetting{b7582be com.netvpn/10605} -> PackageSetting{6684a44 com.android.theme.lockscreen_clock_font.brandayolq/10023} BLOCKED
09-24 20:59:40.914  1645  1985 I AppsFilter: interaction: PackageSetting{b7582be com.netvpn/10605} -> PackageSetting{4cd1c4a com.twitter.android/10430} BLOCKED
09-24 20:59:40.914  1645  1985 I AppsFilter: interaction: PackageSetting{b7582be com.netvpn/10605} -> PackageSetting{8577462 com.android.theme.lockscreen_clock_font.fifa2018/10045} BLOCKED
09-24 20:59:40.915  1645  1985 I AppsFilter: interaction: PackageSetting{b7582be com.netvpn/10605} -> PackageSetting{cfb0eee com.google.android.apps.bard/10444} BLOCKED
09-24 20:59:40.915  1645  1985 I AppsFilter: interaction: PackageSetting{b7582be com.netvpn/10605} -> PackageSetting{6c08713 com.google.android.apps.maps/10583} BLOCKED
09-24 20:59:40.916  1645  1985 I AppsFilter: interaction: PackageSetting{b7582be com.netvpn/10605} -> PackageSetting{d3c74ae com.android.theme.font.bariol/10111} BLOCKED
09-24 20:59:40.916  1645  1985 I AppsFilter: interaction: PackageSetting{b7582be com.netvpn/10605} -> PackageSetting{adee24f com.android.theme.icon_pack.sam.systemui/10203} BLOCKED
09-24 20:59:40.916  1645  1985 I AppsFilter: interaction: PackageSetting{b7582be com.netvpn/10605} -> PackageSetting{dfd481f com.android.customization.themes/10381} BLOCKED
09-24 20:59:40.917  1645  1985 I AppsFilter: interaction: PackageSetting{b7582be com.netvpn/10605} -> PackageSetting{f6f6dc0 com.xt.retouchoversea/10502} BLOCKED
09-24 20:59:40.917  1645  1985 I AppsFilter: interaction: PackageSetting{b7582be com.netvpn/10605} -> PackageSetting{fbf5135 com.google.android.markup/10388} BLOCKED
09-24 20:59:40.917  1645  1985 I AppsFilter: interaction: PackageSetting{b7582be com.netvpn/10605} -> PackageSetting{d1bbbc8 com.nikgapps.overlay.partnersetup/10299} BLOCKED
09-24 20:59:40.918  1645  1985 I AppsFilter: interaction: PackageSetting{b7582be com.netvpn/10605} -> PackageSetting{7c26b86 com.android.theme.lockscreen_clock_font.bigcheese/10019} BLOCKED
